#0 building with "desktop-linux" instance using docker driver

#1 [internal] load build definition from Dockerfile
#1 transferring dockerfile: 1.87kB done
#1 DONE 0.0s

#2 [internal] load metadata for docker.io/library/python:3.12-slim@sha256:2fe5997d249a808b8eeea52c58a1dbffbba28754dc11699ef5c029f2d818ce79
#2 DONE 0.0s

#3 [internal] load .dockerignore
#3 transferring context: 286B done
#3 DONE 0.0s

#4 [internal] load build context
#4 transferring context: 484B done
#4 DONE 0.0s

#5 [stage-0 1/6] FROM docker.io/library/python:3.12-slim@sha256:2fe5997d249a808b8eeea52c58a1dbffbba28754dc11699ef5c029f2d818ce79
#5 resolve docker.io/library/python:3.12-slim@sha256:2fe5997d249a808b8eeea52c58a1dbffbba28754dc11699ef5c029f2d818ce79 done
#5 DONE 0.0s

#6 [stage-0 2/6] RUN python3.12 -m venv /opt/gateway
#6 CACHED

#7 [stage-0 3/6] COPY infra/qa-gateway/build-tools.lock infra/qa-gateway/requirements.lock infra/qa-gateway/upstream.lock infra/qa-gateway/vendor_wheel.py /opt/gateway/
#7 CACHED

#8 [stage-0 4/6] RUN --mount=type=cache,target=/root/.cache/pip     export PIP_CACHE_DIR=/root/.cache/pip && python3.12 -m pip install --require-hashes --only-binary=:all: -r /opt/gateway/build-tools.lock     && /opt/gateway/bin/pip install --require-hashes --only-binary=:all: -r /opt/gateway/build-tools.lock     && /opt/gateway/bin/pip download --timeout 120 --retries 3 --require-hashes --only-binary=:all: --no-deps       -r /opt/gateway/upstream.lock -d /opt/gateway/upstream     && /opt/gateway/bin/python /opt/gateway/vendor_wheel.py       /opt/gateway/upstream/mitmproxy-12.2.3-py3-none-any.whl       /opt/gateway/vendor/mitmproxy-12.2.3+lantern1-py3-none-any.whl > /opt/gateway/vendor-provenance.json     && /opt/gateway/bin/pip install --timeout 120 --retries 3 --require-hashes --only-binary=:all:       --find-links /opt/gateway/vendor -r /opt/gateway/requirements.lock     && /opt/gateway/bin/pip check     && /opt/gateway/bin/pip uninstall --yes pip     && python3.12 -m pip uninstall --yes pip     && python3.12 -c "import shutil; shutil.rmtree('/usr/local/lib/python3.12/ensurepip')"
#8 1.402 Collecting pip==26.2.1 (from -r /opt/gateway/build-tools.lock (line 2))
#8 1.404   Using cached pip-26.2.1-py3-none-any.whl (1.8 MB)
#8 1.416 Installing collected packages: pip
#8 1.416   Attempting uninstall: pip
#8 1.417     Found existing installation: pip 25.0.1
#8 1.435     Uninstalling pip-25.0.1:
#8 1.504       Successfully uninstalled pip-25.0.1
#8 2.010 Successfully installed pip-26.2.1
#8 2.010 WARNING: Running pip as the 'root' user can result in broken permissions and conflicting behaviour with the system package manager, possibly rendering your system unusable. It is recommended to use a virtual environment instead: https://pip.pypa.io/warnings/venv. Use the --root-user-action option if you know what you are doing and want to suppress this warning.
#8 3.083 Collecting pip==26.2.1 (from -r /opt/gateway/build-tools.lock (line 2))
#8 3.085   Using cached pip-26.2.1-py3-none-any.whl (1.8 MB)
#8 3.095 Installing collected packages: pip
#8 3.095   Attempting uninstall: pip
#8 3.096     Found existing installation: pip 25.0.1
#8 3.113     Uninstalling pip-25.0.1:
#8 3.187       Successfully uninstalled pip-25.0.1
#8 3.691 Successfully installed pip-26.2.1
#8 3.916 Collecting mitmproxy==12.2.3 (from -r /opt/gateway/upstream.lock (line 1))
#8 3.917   Using cached mitmproxy-12.2.3-py3-none-any.whl (1.7 MB)
#8 3.924 Saved ./opt/gateway/upstream/mitmproxy-12.2.3-py3-none-any.whl
#8 3.924 Successfully downloaded mitmproxy
#8 4.184 Looking in links: /opt/gateway/vendor
#8 4.206 Collecting aioquic==1.2.0 (from -r /opt/gateway/requirements.lock (line 2))
#8 4.207   Using cached aioquic-1.2.0-cp38-abi3-manylinux_2_17_x86_64.manylinux2014_x86_64.whl (2.2 MB)
#8 4.216 Collecting argon2-cffi-bindings==26.1.0 (from -r /opt/gateway/requirements.lock (line 3))
#8 4.217   Using cached argon2_cffi_bindings-26.1.0-cp310-abi3-manylinux_2_26_x86_64.manylinux_2_28_x86_64.whl (26 kB)
#8 4.224 Collecting argon2-cffi==25.1.0 (from -r /opt/gateway/requirements.lock (line 4))
#8 4.225   Using cached argon2_cffi-25.1.0-py3-none-any.whl (14 kB)
#8 4.230 Collecting asgiref==3.11.1 (from -r /opt/gateway/requirements.lock (line 5))
#8 4.231   Using cached asgiref-3.11.1-py3-none-any.whl (24 kB)
#8 4.235 Collecting attrs==26.1.0 (from -r /opt/gateway/requirements.lock (line 6))
#8 4.236   Using cached attrs-26.1.0-py3-none-any.whl (67 kB)
#8 4.250 Collecting bcrypt==5.0.0 (from -r /opt/gateway/requirements.lock (line 7))
#8 4.252   Using cached bcrypt-5.0.0-cp39-abi3-manylinux_2_34_x86_64.whl (278 kB)
#8 4.256 Collecting blinker==1.9.0 (from -r /opt/gateway/requirements.lock (line 8))
#8 4.257   Using cached blinker-1.9.0-py3-none-any.whl (8.5 kB)
#8 4.269 Collecting brotli==1.2.0 (from -r /opt/gateway/requirements.lock (line 9))
#8 4.270   Using cached brotli-1.2.0-cp312-cp312-manylinux2014_x86_64.manylinux_2_17_x86_64.whl (1.4 MB)
#8 4.277 Collecting certifi==2026.7.22 (from -r /opt/gateway/requirements.lock (line 10))
#8 4.278   Using cached certifi-2026.7.22-py3-none-any.whl (136 kB)
#8 4.333 Collecting cffi==2.1.1 (from -r /opt/gateway/requirements.lock (line 11))
#8 4.334   Using cached cffi-2.1.1-cp312-cp312-manylinux2014_x86_64.manylinux_2_17_x86_64.whl (221 kB)
#8 4.340 Collecting click==8.5.0 (from -r /opt/gateway/requirements.lock (line 12))
#8 4.341   Using cached click-8.5.0-py3-none-any.whl (125 kB)
#8 4.416 Collecting cryptography==50.0.1 (from -r /opt/gateway/requirements.lock (line 13))
#8 4.417   Using cached cryptography-50.0.1-cp311-abi3-manylinux_2_28_x86_64.whl (4.7 MB)
#8 4.427 Collecting Flask==3.1.3 (from -r /opt/gateway/requirements.lock (line 14))
#8 4.428   Using cached flask-3.1.3-py3-none-any.whl (103 kB)
#8 4.432 Collecting h11==0.16.0 (from -r /opt/gateway/requirements.lock (line 15))
#8 4.433   Using cached h11-0.16.0-py3-none-any.whl (37 kB)
#8 4.437 Collecting h2==4.4.1 (from -r /opt/gateway/requirements.lock (line 16))
#8 4.438   Using cached h2-4.4.1-py3-none-any.whl (62 kB)
#8 4.441 Collecting hpack==4.2.0 (from -r /opt/gateway/requirements.lock (line 17))
#8 4.441   Using cached hpack-4.2.0-py3-none-any.whl (34 kB)
#8 4.444 Collecting hyperframe==6.1.0 (from -r /opt/gateway/requirements.lock (line 18))
#8 4.445   Using cached hyperframe-6.1.0-py3-none-any.whl (13 kB)
#8 4.448 Collecting itsdangerous==2.2.0 (from -r /opt/gateway/requirements.lock (line 19))
#8 4.448   Using cached itsdangerous-2.2.0-py3-none-any.whl (16 kB)
#8 4.452 Collecting Jinja2==3.1.6 (from -r /opt/gateway/requirements.lock (line 20))
#8 4.453   Using cached jinja2-3.1.6-py3-none-any.whl (134 kB)
#8 4.455 Collecting kaitaistruct==0.11 (from -r /opt/gateway/requirements.lock (line 21))
#8 4.456   Using cached kaitaistruct-0.11-py2.py3-none-any.whl (11 kB)
#8 4.461 Collecting ldap3==2.9.1 (from -r /opt/gateway/requirements.lock (line 22))
#8 4.462   Using cached ldap3-2.9.1-py2.py3-none-any.whl (432 kB)
#8 4.480 Collecting MarkupSafe==3.0.3 (from -r /opt/gateway/requirements.lock (line 23))
#8 4.481   Using cached markupsafe-3.0.3-cp312-cp312-manylinux2014_x86_64.manylinux_2_17_x86_64.manylinux_2_28_x86_64.whl (22 kB)
#8 4.485 Processing ./opt/gateway/vendor/mitmproxy-12.2.3+lantern1-py3-none-any.whl (from -r /opt/gateway/requirements.lock (line 24))
#8 4.492 Collecting mitmproxy_linux==0.12.11 (from -r /opt/gateway/requirements.lock (line 25))
#8 4.493   Using cached mitmproxy_linux-0.12.11-py3-none-manylinux_2_17_x86_64.manylinux2014_x86_64.whl (1.6 MB)
#8 4.503 Collecting mitmproxy_rs==0.12.11 (from -r /opt/gateway/requirements.lock (line 26))
#8 4.504   Using cached mitmproxy_rs-0.12.11-cp312-abi3-manylinux_2_17_x86_64.manylinux2014_x86_64.whl (3.3 MB)
#8 4.536 Collecting msgpack==1.2.2 (from -r /opt/gateway/requirements.lock (line 27))
#8 4.537   Using cached msgpack-1.2.2-cp312-cp312-manylinux2014_x86_64.manylinux_2_17_x86_64.manylinux_2_28_x86_64.whl (420 kB)
#8 4.541 Collecting publicsuffix2==2.20191221 (from -r /opt/gateway/requirements.lock (line 28))
#8 4.542   Using cached publicsuffix2-2.20191221-py2.py3-none-any.whl (89 kB)
#8 4.550 Collecting pyasn1==0.6.4 (from -r /opt/gateway/requirements.lock (line 29))
#8 4.551   Using cached pyasn1-0.6.4-py3-none-any.whl (84 kB)
#8 4.554 Collecting pycparser==3.0 (from -r /opt/gateway/requirements.lock (line 30))
#8 4.555   Using cached pycparser-3.0-py3-none-any.whl (48 kB)
#8 4.568 Collecting pylsqpack==0.3.24 (from -r /opt/gateway/requirements.lock (line 31))
#8 4.569   Using cached pylsqpack-0.3.24-cp310-abi3-manylinux2014_x86_64.manylinux_2_17_x86_64.manylinux_2_28_x86_64.whl (250 kB)
#8 4.573 Collecting pyOpenSSL==26.4.0 (from -r /opt/gateway/requirements.lock (line 32))
#8 4.574   Using cached pyopenssl-26.4.0-py3-none-any.whl (56 kB)
#8 4.583 Collecting pyparsing==3.3.2 (from -r /opt/gateway/requirements.lock (line 33))
#8 4.584   Using cached pyparsing-3.3.2-py3-none-any.whl (122 kB)
#8 4.588 Collecting pyperclip==1.11.0 (from -r /opt/gateway/requirements.lock (line 34))
#8 4.589   Using cached pyperclip-1.11.0-py3-none-any.whl (11 kB)
#8 4.637 Collecting ruamel.yaml==0.19.1 (from -r /opt/gateway/requirements.lock (line 35))
#8 4.638   Using cached ruamel_yaml-0.19.1-py3-none-any.whl (118 kB)
#8 4.643 Collecting service-identity==26.1.0 (from -r /opt/gateway/requirements.lock (line 36))
#8 4.644   Using cached service_identity-26.1.0-py3-none-any.whl (11 kB)
#8 4.648 Collecting sortedcontainers==2.4.0 (from -r /opt/gateway/requirements.lock (line 37))
#8 4.649   Using cached sortedcontainers-2.4.0-py2.py3-none-any.whl (29 kB)
#8 4.662 Collecting tornado==6.5.8 (from -r /opt/gateway/requirements.lock (line 38))
#8 4.663   Using cached tornado-6.5.8-cp39-abi3-manylinux1_x86_64.manylinux_2_28_x86_64.manylinux_2_5_x86_64.whl (450 kB)
#8 4.669 Collecting typing_extensions==4.14.0 (from -r /opt/gateway/requirements.lock (line 39))
#8 4.670   Using cached typing_extensions-4.14.0-py3-none-any.whl (43 kB)
#8 4.689 Collecting urwid==3.0.5 (from -r /opt/gateway/requirements.lock (line 40))
#8 4.690   Using cached urwid-3.0.5-py3-none-any.whl (296 kB)
#8 4.696 Collecting wcwidth==0.8.3 (from -r /opt/gateway/requirements.lock (line 41))
#8 4.697   Using cached wcwidth-0.8.3-py3-none-any.whl (331 kB)
#8 4.718 Collecting Werkzeug==3.1.8 (from -r /opt/gateway/requirements.lock (line 42))
#8 4.719   Using cached werkzeug-3.1.8-py3-none-any.whl (226 kB)
#8 4.722 Collecting wsproto==1.3.2 (from -r /opt/gateway/requirements.lock (line 43))
#8 4.723   Using cached wsproto-1.3.2-py3-none-any.whl (24 kB)
#8 4.753 Collecting zstandard==0.25.0 (from -r /opt/gateway/requirements.lock (line 44))
#8 4.754   Using cached zstandard-0.25.0-cp312-cp312-manylinux2014_x86_64.manylinux_2_17_x86_64.whl (5.5 MB)
#8 4.833 Installing collected packages: sortedcontainers, pyperclip, publicsuffix2, brotli, zstandard, wcwidth, typing_extensions, tornado, ruamel.yaml, pyparsing, pylsqpack, pycparser, pyasn1, msgpack, mitmproxy_linux, MarkupSafe, kaitaistruct, itsdangerous, hyperframe, hpack, h11, click, certifi, blinker, bcrypt, attrs, asgiref, wsproto, Werkzeug, urwid, mitmproxy_rs, ldap3, Jinja2, h2, cffi, Flask, cryptography, argon2-cffi-bindings, service-identity, pyOpenSSL, argon2-cffi, aioquic, mitmproxy
#8 6.829 
#8 6.831 Successfully installed Flask-3.1.3 Jinja2-3.1.6 MarkupSafe-3.0.3 Werkzeug-3.1.8 aioquic-1.2.0 argon2-cffi-25.1.0 argon2-cffi-bindings-26.1.0 asgiref-3.11.1 attrs-26.1.0 bcrypt-5.0.0 blinker-1.9.0 brotli-1.2.0 certifi-2026.7.22 cffi-2.1.1 click-8.5.0 cryptography-50.0.1 h11-0.16.0 h2-4.4.1 hpack-4.2.0 hyperframe-6.1.0 itsdangerous-2.2.0 kaitaistruct-0.11 ldap3-2.9.1 mitmproxy-12.2.3+lantern1 mitmproxy_linux-0.12.11 mitmproxy_rs-0.12.11 msgpack-1.2.2 publicsuffix2-2.20191221 pyOpenSSL-26.4.0 pyasn1-0.6.4 pycparser-3.0 pylsqpack-0.3.24 pyparsing-3.3.2 pyperclip-1.11.0 ruamel.yaml-0.19.1 service-identity-26.1.0 sortedcontainers-2.4.0 tornado-6.5.8 typing_extensions-4.14.0 urwid-3.0.5 wcwidth-0.8.3 wsproto-1.3.2 zstandard-0.25.0
#8 7.052 No broken requirements found.
#8 7.242 Found existing installation: pip 26.2.1
#8 7.260 Uninstalling pip-26.2.1:
#8 7.264   Successfully uninstalled pip-26.2.1
#8 7.480 Found existing installation: pip 26.2.1
#8 7.498 Uninstalling pip-26.2.1:
#8 7.502   Successfully uninstalled pip-26.2.1
#8 7.512 WARNING: Running pip as the 'root' user can result in broken permissions and conflicting behaviour with the system package manager, possibly rendering your system unusable. It is recommended to use a virtual environment instead: https://pip.pypa.io/warnings/venv. Use the --root-user-action option if you know what you are doing and want to suppress this warning.
#8 DONE 7.6s

#9 [stage-0 5/6] COPY infra/qa-gateway/policy.py infra/qa-gateway/entrypoint.py /opt/gateway/
#9 DONE 0.0s

#10 [stage-0 6/6] COPY tools/azure-runner/qa_transport.py /opt/gateway/qa_transport.py
#10 DONE 0.0s

#11 exporting to image
#11 exporting layers
#11 exporting layers 2.4s done
#11 exporting manifest sha256:d5302843ea7316351a2c1686132a70765abd404c95121321413b3ae5cc9110d9 done
#11 exporting config sha256:b6e015a44b55296ed9406654224ed30511d53ee098d754f1d05496662ce83a1b done
#11 exporting attestation manifest sha256:0056cba8c31df76b994622c99a5032771b826d6f59e750f90d7ced29115316ce done
#11 exporting manifest list sha256:b5f5a8a7d6116711e797f36d532f5050036e1a8b7fe7ebd1c2930edd8dedeb8c done
#11 naming to docker.io/library/lantern-qa-gateway:continuation-4-runtime done
#11 unpacking to docker.io/library/lantern-qa-gateway:continuation-4-runtime
#11 unpacking to docker.io/library/lantern-qa-gateway:continuation-4-runtime 0.4s done
#11 DONE 2.9s
