#0 building with "desktop-linux" instance using docker driver

#1 [internal] load build definition from Dockerfile
#1 transferring dockerfile: 1.68kB done
#1 DONE 0.0s

#2 [internal] load metadata for docker.io/library/python:3.12-slim@sha256:2fe5997d249a808b8eeea52c58a1dbffbba28754dc11699ef5c029f2d818ce79
#2 DONE 0.0s

#3 [internal] load .dockerignore
#3 transferring context: 286B done
#3 DONE 0.0s

#4 [internal] load build context
#4 transferring context: 672B done
#4 DONE 0.0s

#5 [stage-0 1/6] FROM docker.io/library/python:3.12-slim@sha256:2fe5997d249a808b8eeea52c58a1dbffbba28754dc11699ef5c029f2d818ce79
#5 resolve docker.io/library/python:3.12-slim@sha256:2fe5997d249a808b8eeea52c58a1dbffbba28754dc11699ef5c029f2d818ce79 done
#5 DONE 0.0s

#6 [stage-0 2/6] RUN python3.12 -m venv /opt/gateway
#6 CACHED

#7 [stage-0 3/6] COPY infra/qa-gateway/build-tools.lock infra/qa-gateway/requirements.lock infra/qa-gateway/upstream.lock infra/qa-gateway/vendor_wheel.py /opt/gateway/
#7 DONE 0.0s

#8 [stage-0 4/6] RUN --mount=type=cache,target=/root/.cache/pip     export PIP_CACHE_DIR=/root/.cache/pip && python3.12 -m pip install --require-hashes --only-binary=:all: -r /opt/gateway/build-tools.lock     && /opt/gateway/bin/pip install --require-hashes --only-binary=:all: -r /opt/gateway/build-tools.lock     && /opt/gateway/bin/pip download --timeout 120 --retries 3 --require-hashes --only-binary=:all: --no-deps       -r /opt/gateway/upstream.lock -d /opt/gateway/upstream     && /opt/gateway/bin/python /opt/gateway/vendor_wheel.py       /opt/gateway/upstream/mitmproxy-12.2.3-py3-none-any.whl       /opt/gateway/vendor/mitmproxy-12.2.3+lantern1-py3-none-any.whl > /opt/gateway/vendor-provenance.json     && /opt/gateway/bin/pip install --timeout 120 --retries 3 --require-hashes --only-binary=:all:       --find-links /opt/gateway/vendor -r /opt/gateway/requirements.lock     && /opt/gateway/bin/pip check
#8 1.283 Collecting pip==26.2.1 (from -r /opt/gateway/build-tools.lock (line 2))
#8 2.172   Downloading pip-26.2.1-py3-none-any.whl (1.8 MB)
#8 4.401      ━━━━━━━━━━━━━━━━━━━━━━━━━━━━━━━━━━━━━━━━ 1.8/1.8 MB 976.7 kB/s eta 0:00:00
#8 4.411 Installing collected packages: pip
#8 4.411   Attempting uninstall: pip
#8 4.413     Found existing installation: pip 25.0.1
#8 4.437     Uninstalling pip-25.0.1:
#8 4.527       Successfully uninstalled pip-25.0.1
#8 5.050 Successfully installed pip-26.2.1
#8 5.051 WARNING: Running pip as the 'root' user can result in broken permissions and conflicting behaviour with the system package manager, possibly rendering your system unusable. It is recommended to use a virtual environment instead: https://pip.pypa.io/warnings/venv. Use the --root-user-action option if you know what you are doing and want to suppress this warning.
#8 6.418 Collecting pip==26.2.1 (from -r /opt/gateway/build-tools.lock (line 2))
#8 6.421   Using cached pip-26.2.1-py3-none-any.whl (1.8 MB)
#8 6.432 Installing collected packages: pip
#8 6.432   Attempting uninstall: pip
#8 6.434     Found existing installation: pip 25.0.1
#8 6.454     Uninstalling pip-25.0.1:
#8 6.553       Successfully uninstalled pip-25.0.1
#8 7.145 Successfully installed pip-26.2.1
#8 7.388 Collecting mitmproxy==12.2.3 (from -r /opt/gateway/upstream.lock (line 1))
#8 7.389   Using cached mitmproxy-12.2.3-py3-none-any.whl (1.7 MB)
#8 7.398 Saved ./opt/gateway/upstream/mitmproxy-12.2.3-py3-none-any.whl
#8 7.398 Successfully downloaded mitmproxy
#8 7.681 Looking in links: /opt/gateway/vendor
#8 7.704 Collecting aioquic==1.2.0 (from -r /opt/gateway/requirements.lock (line 2))
#8 7.705   Using cached aioquic-1.2.0-cp38-abi3-manylinux_2_17_x86_64.manylinux2014_x86_64.whl (2.2 MB)
#8 7.714 Collecting argon2-cffi-bindings==26.1.0 (from -r /opt/gateway/requirements.lock (line 3))
#8 7.715   Using cached argon2_cffi_bindings-26.1.0-cp310-abi3-manylinux_2_26_x86_64.manylinux_2_28_x86_64.whl (26 kB)
#8 7.723 Collecting argon2-cffi==25.1.0 (from -r /opt/gateway/requirements.lock (line 4))
#8 7.724   Using cached argon2_cffi-25.1.0-py3-none-any.whl (14 kB)
#8 7.729 Collecting asgiref==3.11.1 (from -r /opt/gateway/requirements.lock (line 5))
#8 7.730   Using cached asgiref-3.11.1-py3-none-any.whl (24 kB)
#8 7.734 Collecting attrs==26.1.0 (from -r /opt/gateway/requirements.lock (line 6))
#8 7.735   Using cached attrs-26.1.0-py3-none-any.whl (67 kB)
#8 7.751 Collecting bcrypt==5.0.0 (from -r /opt/gateway/requirements.lock (line 7))
#8 7.753   Using cached bcrypt-5.0.0-cp39-abi3-manylinux_2_34_x86_64.whl (278 kB)
#8 7.757 Collecting blinker==1.9.0 (from -r /opt/gateway/requirements.lock (line 8))
#8 7.758   Using cached blinker-1.9.0-py3-none-any.whl (8.5 kB)
#8 7.770 Collecting brotli==1.2.0 (from -r /opt/gateway/requirements.lock (line 9))
#8 7.771   Using cached brotli-1.2.0-cp312-cp312-manylinux2014_x86_64.manylinux_2_17_x86_64.whl (1.4 MB)
#8 7.779 Collecting certifi==2026.7.22 (from -r /opt/gateway/requirements.lock (line 10))
#8 7.780   Using cached certifi-2026.7.22-py3-none-any.whl (136 kB)
#8 7.838 Collecting cffi==2.1.1 (from -r /opt/gateway/requirements.lock (line 11))
#8 7.839   Using cached cffi-2.1.1-cp312-cp312-manylinux2014_x86_64.manylinux_2_17_x86_64.whl (221 kB)
#8 7.845 Collecting click==8.5.0 (from -r /opt/gateway/requirements.lock (line 12))
#8 7.846   Using cached click-8.5.0-py3-none-any.whl (125 kB)
#8 7.928 Collecting cryptography==50.0.1 (from -r /opt/gateway/requirements.lock (line 13))
#8 7.930   Using cached cryptography-50.0.1-cp311-abi3-manylinux_2_28_x86_64.whl (4.7 MB)
#8 7.943 Collecting Flask==3.1.3 (from -r /opt/gateway/requirements.lock (line 14))
#8 7.945   Using cached flask-3.1.3-py3-none-any.whl (103 kB)
#8 7.948 Collecting h11==0.16.0 (from -r /opt/gateway/requirements.lock (line 15))
#8 7.949   Using cached h11-0.16.0-py3-none-any.whl (37 kB)
#8 7.954 Collecting h2==4.4.1 (from -r /opt/gateway/requirements.lock (line 16))
#8 7.955   Using cached h2-4.4.1-py3-none-any.whl (62 kB)
#8 7.958 Collecting hpack==4.2.0 (from -r /opt/gateway/requirements.lock (line 17))
#8 7.959   Using cached hpack-4.2.0-py3-none-any.whl (34 kB)
#8 7.962 Collecting hyperframe==6.1.0 (from -r /opt/gateway/requirements.lock (line 18))
#8 7.963   Using cached hyperframe-6.1.0-py3-none-any.whl (13 kB)
#8 7.967 Collecting itsdangerous==2.2.0 (from -r /opt/gateway/requirements.lock (line 19))
#8 7.967   Using cached itsdangerous-2.2.0-py3-none-any.whl (16 kB)
#8 7.972 Collecting Jinja2==3.1.6 (from -r /opt/gateway/requirements.lock (line 20))
#8 7.973   Using cached jinja2-3.1.6-py3-none-any.whl (134 kB)
#8 7.976 Collecting kaitaistruct==0.11 (from -r /opt/gateway/requirements.lock (line 21))
#8 7.977   Using cached kaitaistruct-0.11-py2.py3-none-any.whl (11 kB)
#8 7.981 Collecting ldap3==2.9.1 (from -r /opt/gateway/requirements.lock (line 22))
#8 7.982   Using cached ldap3-2.9.1-py2.py3-none-any.whl (432 kB)
#8 8.003 Collecting MarkupSafe==3.0.3 (from -r /opt/gateway/requirements.lock (line 23))
#8 8.004   Using cached markupsafe-3.0.3-cp312-cp312-manylinux2014_x86_64.manylinux_2_17_x86_64.manylinux_2_28_x86_64.whl (22 kB)
#8 8.009 Processing ./opt/gateway/vendor/mitmproxy-12.2.3+lantern1-py3-none-any.whl (from -r /opt/gateway/requirements.lock (line 24))
#8 8.018 Collecting mitmproxy_linux==0.12.11 (from -r /opt/gateway/requirements.lock (line 25))
#8 8.019   Using cached mitmproxy_linux-0.12.11-py3-none-manylinux_2_17_x86_64.manylinux2014_x86_64.whl (1.6 MB)
#8 8.031 Collecting mitmproxy_rs==0.12.11 (from -r /opt/gateway/requirements.lock (line 26))
#8 8.032   Using cached mitmproxy_rs-0.12.11-cp312-abi3-manylinux_2_17_x86_64.manylinux2014_x86_64.whl (3.3 MB)
#8 8.072 Collecting msgpack==1.2.2 (from -r /opt/gateway/requirements.lock (line 27))
#8 8.073   Using cached msgpack-1.2.2-cp312-cp312-manylinux2014_x86_64.manylinux_2_17_x86_64.manylinux_2_28_x86_64.whl (420 kB)
#8 8.079 Collecting publicsuffix2==2.20191221 (from -r /opt/gateway/requirements.lock (line 28))
#8 8.080   Using cached publicsuffix2-2.20191221-py2.py3-none-any.whl (89 kB)
#8 8.088 Collecting pyasn1==0.6.4 (from -r /opt/gateway/requirements.lock (line 29))
#8 8.089   Using cached pyasn1-0.6.4-py3-none-any.whl (84 kB)
#8 8.093 Collecting pycparser==3.0 (from -r /opt/gateway/requirements.lock (line 30))
#8 8.094   Using cached pycparser-3.0-py3-none-any.whl (48 kB)
#8 8.109 Collecting pylsqpack==0.3.24 (from -r /opt/gateway/requirements.lock (line 31))
#8 8.110   Using cached pylsqpack-0.3.24-cp310-abi3-manylinux2014_x86_64.manylinux_2_17_x86_64.manylinux_2_28_x86_64.whl (250 kB)
#8 8.116 Collecting pyOpenSSL==26.4.0 (from -r /opt/gateway/requirements.lock (line 32))
#8 8.117   Using cached pyopenssl-26.4.0-py3-none-any.whl (56 kB)
#8 8.127 Collecting pyparsing==3.3.2 (from -r /opt/gateway/requirements.lock (line 33))
#8 8.128   Using cached pyparsing-3.3.2-py3-none-any.whl (122 kB)
#8 8.132 Collecting pyperclip==1.11.0 (from -r /opt/gateway/requirements.lock (line 34))
#8 8.133   Using cached pyperclip-1.11.0-py3-none-any.whl (11 kB)
#8 8.186 Collecting ruamel.yaml==0.19.1 (from -r /opt/gateway/requirements.lock (line 35))
#8 8.188   Using cached ruamel_yaml-0.19.1-py3-none-any.whl (118 kB)
#8 8.192 Collecting service-identity==26.1.0 (from -r /opt/gateway/requirements.lock (line 36))
#8 8.193   Using cached service_identity-26.1.0-py3-none-any.whl (11 kB)
#8 8.196 Collecting sortedcontainers==2.4.0 (from -r /opt/gateway/requirements.lock (line 37))
#8 8.197   Using cached sortedcontainers-2.4.0-py2.py3-none-any.whl (29 kB)
#8 8.213 Collecting tornado==6.5.8 (from -r /opt/gateway/requirements.lock (line 38))
#8 8.214   Using cached tornado-6.5.8-cp39-abi3-manylinux1_x86_64.manylinux_2_28_x86_64.manylinux_2_5_x86_64.whl (450 kB)
#8 8.221 Collecting typing_extensions==4.14.0 (from -r /opt/gateway/requirements.lock (line 39))
#8 8.222   Using cached typing_extensions-4.14.0-py3-none-any.whl (43 kB)
#8 8.243 Collecting urwid==3.0.5 (from -r /opt/gateway/requirements.lock (line 40))
#8 8.245   Using cached urwid-3.0.5-py3-none-any.whl (296 kB)
#8 8.251 Collecting wcwidth==0.8.3 (from -r /opt/gateway/requirements.lock (line 41))
#8 8.252   Using cached wcwidth-0.8.3-py3-none-any.whl (331 kB)
#8 8.276 Collecting Werkzeug==3.1.8 (from -r /opt/gateway/requirements.lock (line 42))
#8 8.278   Using cached werkzeug-3.1.8-py3-none-any.whl (226 kB)
#8 8.282 Collecting wsproto==1.3.2 (from -r /opt/gateway/requirements.lock (line 43))
#8 8.284   Using cached wsproto-1.3.2-py3-none-any.whl (24 kB)
#8 8.314 Collecting zstandard==0.25.0 (from -r /opt/gateway/requirements.lock (line 44))
#8 8.316   Using cached zstandard-0.25.0-cp312-cp312-manylinux2014_x86_64.manylinux_2_17_x86_64.whl (5.5 MB)
#8 8.403 Installing collected packages: sortedcontainers, pyperclip, publicsuffix2, brotli, zstandard, wcwidth, typing_extensions, tornado, ruamel.yaml, pyparsing, pylsqpack, pycparser, pyasn1, msgpack, mitmproxy_linux, MarkupSafe, kaitaistruct, itsdangerous, hyperframe, hpack, h11, click, certifi, blinker, bcrypt, attrs, asgiref, wsproto, Werkzeug, urwid, mitmproxy_rs, ldap3, Jinja2, h2, cffi, Flask, cryptography, argon2-cffi-bindings, service-identity, pyOpenSSL, argon2-cffi, aioquic, mitmproxy
#8 10.58 
#8 10.58 Successfully installed Flask-3.1.3 Jinja2-3.1.6 MarkupSafe-3.0.3 Werkzeug-3.1.8 aioquic-1.2.0 argon2-cffi-25.1.0 argon2-cffi-bindings-26.1.0 asgiref-3.11.1 attrs-26.1.0 bcrypt-5.0.0 blinker-1.9.0 brotli-1.2.0 certifi-2026.7.22 cffi-2.1.1 click-8.5.0 cryptography-50.0.1 h11-0.16.0 h2-4.4.1 hpack-4.2.0 hyperframe-6.1.0 itsdangerous-2.2.0 kaitaistruct-0.11 ldap3-2.9.1 mitmproxy-12.2.3+lantern1 mitmproxy_linux-0.12.11 mitmproxy_rs-0.12.11 msgpack-1.2.2 publicsuffix2-2.20191221 pyOpenSSL-26.4.0 pyasn1-0.6.4 pycparser-3.0 pylsqpack-0.3.24 pyparsing-3.3.2 pyperclip-1.11.0 ruamel.yaml-0.19.1 service-identity-26.1.0 sortedcontainers-2.4.0 tornado-6.5.8 typing_extensions-4.14.0 urwid-3.0.5 wcwidth-0.8.3 wsproto-1.3.2 zstandard-0.25.0
#8 10.81 No broken requirements found.
#8 DONE 10.9s

#9 [stage-0 5/6] COPY infra/qa-gateway/policy.py infra/qa-gateway/entrypoint.py /opt/gateway/
#9 DONE 0.0s

#10 [stage-0 6/6] COPY tools/azure-runner/qa_transport.py /opt/gateway/qa_transport.py
#10 DONE 0.0s

#11 exporting to image
#11 exporting layers
#11 exporting layers 3.3s done
#11 exporting manifest sha256:b4918f23fd1d9060b48451762b4c4dd0ec8be592061bb8b5cbb5f3b6a6912891 done
#11 exporting config sha256:d63ec75a381036cfb1e8ce94c2641591cb7aa417efd817d79d79fff8d384c710 done
#11 exporting attestation manifest sha256:b2252c3cc2fa492645ed156332fe9f766a9a18a6eac64c2af230834007e35fd9 done
#11 exporting manifest list sha256:91ffb1581942f9fb520557916b0c4a7af3bb479db2fb2a765416188458c65306 done
#11 naming to docker.io/library/lantern-qa-gateway:continuation-4-patched-installer done
#11 unpacking to docker.io/library/lantern-qa-gateway:continuation-4-patched-installer
#11 unpacking to docker.io/library/lantern-qa-gateway:continuation-4-patched-installer 0.7s done
#11 DONE 4.0s
