#0 building with "desktop-linux" instance using docker driver

#1 [internal] load build definition from Dockerfile
#1 transferring dockerfile: 1.22kB 0.0s done
#1 WARN: InvalidDefaultArgInFrom: Default value for ARG ${BASE_IMAGE} results in empty or invalid base image name (line 3)
#1 DONE 0.0s

#2 [internal] load metadata for docker.io/library/sha256:933a9c0899dae9c9d7f73d5bcf76a5298e7eaccea83b17233d4d8d56e3682756
#2 ...

#3 [auth] library/sha256:pull token for registry-1.docker.io
#3 DONE 0.0s

#2 [internal] load metadata for docker.io/library/sha256:933a9c0899dae9c9d7f73d5bcf76a5298e7eaccea83b17233d4d8d56e3682756
#2 ERROR: pull access denied, repository does not exist or may require authorization: server message: insufficient_scope: authorization failed
------
 > [internal] load metadata for docker.io/library/sha256:933a9c0899dae9c9d7f73d5bcf76a5298e7eaccea83b17233d4d8d56e3682756:
------

 1 warning found (use docker --debug to expand):
 - InvalidDefaultArgInFrom: Default value for ARG ${BASE_IMAGE} results in empty or invalid base image name (line 3)
Dockerfile:3
--------------------
   1 |     # Separate disabled gateway candidate. BASE_IMAGE is an inspected immutable image ID.
   2 |     ARG BASE_IMAGE
   3 | >>> FROM ${BASE_IMAGE}
   4 |     USER root
   5 |     RUN python3.12 -m venv /opt/gateway
--------------------
ERROR: failed to build: failed to solve: sha256:933a9c0899dae9c9d7f73d5bcf76a5298e7eaccea83b17233d4d8d56e3682756: failed to resolve source metadata for docker.io/library/sha256:933a9c0899dae9c9d7f73d5bcf76a5298e7eaccea83b17233d4d8d56e3682756: pull access denied, repository does not exist or may require authorization: server message: insufficient_scope: authorization failed
