#0 building with "desktop-linux" instance using docker driver

#1 [internal] load build definition from Dockerfile
#1 transferring dockerfile: 1.43kB done
#1 DONE 0.0s

#2 [internal] load metadata for docker.io/library/python:3.12-slim@sha256:2fe5997d249a808b8eeea52c58a1dbffbba28754dc11699ef5c029f2d818ce79
#2 ...

#3 [auth] library/python:pull token for registry-1.docker.io
#3 DONE 0.0s

#2 [internal] load metadata for docker.io/library/python:3.12-slim@sha256:2fe5997d249a808b8eeea52c58a1dbffbba28754dc11699ef5c029f2d818ce79
#2 DONE 14.0s

#4 [internal] load .dockerignore
#4 transferring context: 286B done
#4 DONE 0.0s

#5 [internal] load build context
#5 transferring context: 431B done
#5 DONE 0.0s

#6 [stage-0 1/6] FROM docker.io/library/python:3.12-slim@sha256:2fe5997d249a808b8eeea52c58a1dbffbba28754dc11699ef5c029f2d818ce79
#6 resolve docker.io/library/python:3.12-slim@sha256:2fe5997d249a808b8eeea52c58a1dbffbba28754dc11699ef5c029f2d818ce79 0.0s done
#6 sha256:dbd0b7849e6c06b61e1fa6b7ffe053f246ce0075890620e3db64b47bb662433a 0B / 4.27MB 0.2s
#6 sha256:1560cfed01dc4c72c07f789d860078d74466a1f9a26b33a2e35d887b5f90dd3f 0B / 12.12MB 0.2s
#6 sha256:56235e4245636e401a28cf88944d543b29ee028ae3b6c27e03d6b43e7b4eac5f 0B / 249B 0.2s
#6 sha256:56235e4245636e401a28cf88944d543b29ee028ae3b6c27e03d6b43e7b4eac5f 249B / 249B 1.8s done
#6 sha256:1560cfed01dc4c72c07f789d860078d74466a1f9a26b33a2e35d887b5f90dd3f 1.05MB / 12.12MB 3.2s
#6 sha256:1560cfed01dc4c72c07f789d860078d74466a1f9a26b33a2e35d887b5f90dd3f 2.10MB / 12.12MB 4.7s
#6 sha256:dbd0b7849e6c06b61e1fa6b7ffe053f246ce0075890620e3db64b47bb662433a 0B / 4.27MB 5.3s
#6 sha256:dbd0b7849e6c06b61e1fa6b7ffe053f246ce0075890620e3db64b47bb662433a 1.05MB / 4.27MB 5.7s
#6 sha256:1560cfed01dc4c72c07f789d860078d74466a1f9a26b33a2e35d887b5f90dd3f 3.15MB / 12.12MB 6.3s
#6 sha256:dbd0b7849e6c06b61e1fa6b7ffe053f246ce0075890620e3db64b47bb662433a 2.10MB / 4.27MB 7.8s
#6 sha256:1560cfed01dc4c72c07f789d860078d74466a1f9a26b33a2e35d887b5f90dd3f 4.19MB / 12.12MB 8.1s
#6 sha256:1560cfed01dc4c72c07f789d860078d74466a1f9a26b33a2e35d887b5f90dd3f 5.24MB / 12.12MB 9.9s
#6 sha256:dbd0b7849e6c06b61e1fa6b7ffe053f246ce0075890620e3db64b47bb662433a 3.15MB / 4.27MB 10.2s
#6 sha256:1560cfed01dc4c72c07f789d860078d74466a1f9a26b33a2e35d887b5f90dd3f 6.29MB / 12.12MB 11.7s
#6 sha256:dbd0b7849e6c06b61e1fa6b7ffe053f246ce0075890620e3db64b47bb662433a 4.27MB / 4.27MB 12.3s done
#6 extracting sha256:dbd0b7849e6c06b61e1fa6b7ffe053f246ce0075890620e3db64b47bb662433a 0.1s done
#6 sha256:1560cfed01dc4c72c07f789d860078d74466a1f9a26b33a2e35d887b5f90dd3f 7.34MB / 12.12MB 13.7s
#6 sha256:1560cfed01dc4c72c07f789d860078d74466a1f9a26b33a2e35d887b5f90dd3f 8.39MB / 12.12MB 14.7s
#6 sha256:1560cfed01dc4c72c07f789d860078d74466a1f9a26b33a2e35d887b5f90dd3f 9.44MB / 12.12MB 15.8s
#6 sha256:1560cfed01dc4c72c07f789d860078d74466a1f9a26b33a2e35d887b5f90dd3f 10.49MB / 12.12MB 16.8s
#6 sha256:1560cfed01dc4c72c07f789d860078d74466a1f9a26b33a2e35d887b5f90dd3f 11.53MB / 12.12MB 17.7s
#6 sha256:1560cfed01dc4c72c07f789d860078d74466a1f9a26b33a2e35d887b5f90dd3f 12.12MB / 12.12MB 18.3s done
#6 extracting sha256:1560cfed01dc4c72c07f789d860078d74466a1f9a26b33a2e35d887b5f90dd3f
#6 extracting sha256:1560cfed01dc4c72c07f789d860078d74466a1f9a26b33a2e35d887b5f90dd3f 0.2s done
#6 DONE 18.6s

#6 [stage-0 1/6] FROM docker.io/library/python:3.12-slim@sha256:2fe5997d249a808b8eeea52c58a1dbffbba28754dc11699ef5c029f2d818ce79
#6 extracting sha256:56235e4245636e401a28cf88944d543b29ee028ae3b6c27e03d6b43e7b4eac5f done
#6 DONE 18.6s

#7 [stage-0 2/6] RUN python3.12 -m venv /opt/gateway
#7 DONE 2.4s

#8 [stage-0 3/6] COPY infra/qa-gateway/requirements.lock infra/qa-gateway/upstream.lock infra/qa-gateway/vendor_wheel.py /opt/gateway/
#8 DONE 0.0s

#9 [stage-0 4/6] RUN --mount=type=cache,target=/root/.cache/pip     export PIP_CACHE_DIR=/root/.cache/pip && /opt/gateway/bin/pip download --timeout 120 --retries 3 --require-hashes --only-binary=:all: --no-deps       -r /opt/gateway/upstream.lock -d /opt/gateway/upstream     && /opt/gateway/bin/python /opt/gateway/vendor_wheel.py       /opt/gateway/upstream/mitmproxy-12.2.3-py3-none-any.whl       /opt/gateway/vendor/mitmproxy-12.2.3+lantern1-py3-none-any.whl > /opt/gateway/vendor-provenance.json     && /opt/gateway/bin/pip install --timeout 120 --retries 3 --require-hashes --only-binary=:all:       --find-links /opt/gateway/vendor -r /opt/gateway/requirements.lock     && /opt/gateway/bin/pip check
#9 3.352 Collecting mitmproxy==12.2.3 (from -r /opt/gateway/upstream.lock (line 1))
#9 3.354   Using cached mitmproxy-12.2.3-py3-none-any.whl (1.7 MB)
#9 3.366 Saved /opt/gateway/upstream/mitmproxy-12.2.3-py3-none-any.whl
#9 3.367 Successfully downloaded mitmproxy
#9 4.578 
#9 4.578 [notice] A new release of pip is available: 25.0.1 -> 26.2.1
#9 4.578 [notice] To update, run: python3.12 -m pip install --upgrade pip
#9 4.907 Looking in links: /opt/gateway/vendor
#9 5.643 Collecting aioquic==1.2.0 (from -r /opt/gateway/requirements.lock (line 2))
#9 5.645   Using cached aioquic-1.2.0-cp38-abi3-manylinux_2_17_x86_64.manylinux2014_x86_64.whl (2.2 MB)
#9 5.847 Collecting argon2-cffi-bindings==26.1.0 (from -r /opt/gateway/requirements.lock (line 3))
#9 5.849   Using cached argon2_cffi_bindings-26.1.0-cp310-abi3-manylinux_2_26_x86_64.manylinux_2_28_x86_64.whl (26 kB)
#9 6.105 Collecting argon2-cffi==25.1.0 (from -r /opt/gateway/requirements.lock (line 4))
#9 6.106   Using cached argon2_cffi-25.1.0-py3-none-any.whl (14 kB)
#9 6.270 Collecting asgiref==3.11.1 (from -r /opt/gateway/requirements.lock (line 5))
#9 6.271   Using cached asgiref-3.11.1-py3-none-any.whl (24 kB)
#9 6.458 Collecting attrs==26.1.0 (from -r /opt/gateway/requirements.lock (line 6))
#9 6.459   Using cached attrs-26.1.0-py3-none-any.whl (67 kB)
#9 6.760 Collecting bcrypt==5.0.0 (from -r /opt/gateway/requirements.lock (line 7))
#9 6.762   Using cached bcrypt-5.0.0-cp39-abi3-manylinux_2_34_x86_64.whl (278 kB)
#9 6.949 Collecting blinker==1.9.0 (from -r /opt/gateway/requirements.lock (line 8))
#9 6.950   Using cached blinker-1.9.0-py3-none-any.whl (8.5 kB)
#9 7.229 Collecting brotli==1.2.0 (from -r /opt/gateway/requirements.lock (line 9))
#9 7.230   Using cached brotli-1.2.0-cp312-cp312-manylinux2014_x86_64.manylinux_2_17_x86_64.whl (1.4 MB)
#9 7.426 Collecting certifi==2026.7.22 (from -r /opt/gateway/requirements.lock (line 10))
#9 7.428   Using cached certifi-2026.7.22-py3-none-any.whl (136 kB)
#9 7.696 Collecting cffi==2.1.1 (from -r /opt/gateway/requirements.lock (line 11))
#9 7.697   Using cached cffi-2.1.1-cp312-cp312-manylinux2014_x86_64.manylinux_2_17_x86_64.whl (221 kB)
#9 7.979 Collecting click==8.5.0 (from -r /opt/gateway/requirements.lock (line 12))
#9 7.980   Using cached click-8.5.0-py3-none-any.whl (125 kB)
#9 8.258 Collecting cryptography==50.0.1 (from -r /opt/gateway/requirements.lock (line 13))
#9 8.260   Using cached cryptography-50.0.1-cp311-abi3-manylinux_2_28_x86_64.whl (4.7 MB)
#9 8.452 Collecting Flask==3.1.3 (from -r /opt/gateway/requirements.lock (line 14))
#9 8.453   Using cached flask-3.1.3-py3-none-any.whl (103 kB)
#9 8.662 Collecting h11==0.16.0 (from -r /opt/gateway/requirements.lock (line 15))
#9 8.663   Using cached h11-0.16.0-py3-none-any.whl (37 kB)
#9 8.925 Collecting h2==4.4.1 (from -r /opt/gateway/requirements.lock (line 16))
#9 8.926   Using cached h2-4.4.1-py3-none-any.whl (62 kB)
#9 9.138 Collecting hpack==4.2.0 (from -r /opt/gateway/requirements.lock (line 17))
#9 9.139   Using cached hpack-4.2.0-py3-none-any.whl (34 kB)
#9 9.363 Collecting hyperframe==6.1.0 (from -r /opt/gateway/requirements.lock (line 18))
#9 9.364   Using cached hyperframe-6.1.0-py3-none-any.whl (13 kB)
#9 9.568 Collecting itsdangerous==2.2.0 (from -r /opt/gateway/requirements.lock (line 19))
#9 9.570   Using cached itsdangerous-2.2.0-py3-none-any.whl (16 kB)
#9 9.829 Collecting Jinja2==3.1.6 (from -r /opt/gateway/requirements.lock (line 20))
#9 9.830   Using cached jinja2-3.1.6-py3-none-any.whl (134 kB)
#9 10.02 Collecting kaitaistruct==0.11 (from -r /opt/gateway/requirements.lock (line 21))
#9 10.03   Using cached kaitaistruct-0.11-py2.py3-none-any.whl (11 kB)
#9 10.23 Collecting ldap3==2.9.1 (from -r /opt/gateway/requirements.lock (line 22))
#9 10.23   Using cached ldap3-2.9.1-py2.py3-none-any.whl (432 kB)
#9 10.48 Collecting MarkupSafe==3.0.3 (from -r /opt/gateway/requirements.lock (line 23))
#9 10.49   Using cached markupsafe-3.0.3-cp312-cp312-manylinux2014_x86_64.manylinux_2_17_x86_64.manylinux_2_28_x86_64.whl (22 kB)
#9 10.69 Processing /opt/gateway/vendor/mitmproxy-12.2.3+lantern1-py3-none-any.whl (from -r /opt/gateway/requirements.lock (line 24))
#9 11.02 Collecting mitmproxy_linux==0.12.11 (from -r /opt/gateway/requirements.lock (line 25))
#9 11.02   Using cached mitmproxy_linux-0.12.11-py3-none-manylinux_2_17_x86_64.manylinux2014_x86_64.whl (1.6 MB)
#9 11.33 Collecting mitmproxy_rs==0.12.11 (from -r /opt/gateway/requirements.lock (line 26))
#9 11.34   Using cached mitmproxy_rs-0.12.11-cp312-abi3-manylinux_2_17_x86_64.manylinux2014_x86_64.whl (3.3 MB)
#9 11.72 Collecting msgpack==1.2.2 (from -r /opt/gateway/requirements.lock (line 27))
#9 11.72   Using cached msgpack-1.2.2-cp312-cp312-manylinux2014_x86_64.manylinux_2_17_x86_64.manylinux_2_28_x86_64.whl (420 kB)
#9 12.04 Collecting publicsuffix2==2.20191221 (from -r /opt/gateway/requirements.lock (line 28))
#9 12.04   Using cached publicsuffix2-2.20191221-py2.py3-none-any.whl (89 kB)
#9 12.44 Collecting pyasn1==0.6.4 (from -r /opt/gateway/requirements.lock (line 29))
#9 12.44   Using cached pyasn1-0.6.4-py3-none-any.whl (84 kB)
#9 12.63 Collecting pycparser==3.0 (from -r /opt/gateway/requirements.lock (line 30))
#9 12.63   Using cached pycparser-3.0-py3-none-any.whl (48 kB)
#9 12.94 Collecting pylsqpack==0.3.24 (from -r /opt/gateway/requirements.lock (line 31))
#9 12.94   Using cached pylsqpack-0.3.24-cp310-abi3-manylinux2014_x86_64.manylinux_2_17_x86_64.manylinux_2_28_x86_64.whl (250 kB)
#9 13.15 Collecting pyOpenSSL==26.4.0 (from -r /opt/gateway/requirements.lock (line 32))
#9 13.15   Using cached pyopenssl-26.4.0-py3-none-any.whl (56 kB)
#9 13.53 Collecting pyparsing==3.3.2 (from -r /opt/gateway/requirements.lock (line 33))
#9 13.53   Using cached pyparsing-3.3.2-py3-none-any.whl (122 kB)
#9 13.83 Collecting pyperclip==1.11.0 (from -r /opt/gateway/requirements.lock (line 34))
#9 13.83   Using cached pyperclip-1.11.0-py3-none-any.whl (11 kB)
#9 14.16 Collecting ruamel.yaml==0.19.1 (from -r /opt/gateway/requirements.lock (line 35))
#9 14.16   Using cached ruamel_yaml-0.19.1-py3-none-any.whl (118 kB)
#9 14.34 Collecting service-identity==26.1.0 (from -r /opt/gateway/requirements.lock (line 36))
#9 14.34   Using cached service_identity-26.1.0-py3-none-any.whl (11 kB)
#9 14.53 Collecting sortedcontainers==2.4.0 (from -r /opt/gateway/requirements.lock (line 37))
#9 14.53   Using cached sortedcontainers-2.4.0-py2.py3-none-any.whl (29 kB)
#9 14.82 Collecting tornado==6.5.8 (from -r /opt/gateway/requirements.lock (line 38))
#9 14.82   Using cached tornado-6.5.8-cp39-abi3-manylinux1_x86_64.manylinux_2_28_x86_64.manylinux_2_5_x86_64.whl (450 kB)
#9 15.01 Collecting typing_extensions==4.14.0 (from -r /opt/gateway/requirements.lock (line 39))
#9 15.01   Using cached typing_extensions-4.14.0-py3-none-any.whl (43 kB)
#9 15.31 Collecting urwid==3.0.5 (from -r /opt/gateway/requirements.lock (line 40))
#9 15.31   Using cached urwid-3.0.5-py3-none-any.whl (296 kB)
#9 15.57 Collecting wcwidth==0.8.3 (from -r /opt/gateway/requirements.lock (line 41))
#9 15.57   Using cached wcwidth-0.8.3-py3-none-any.whl (331 kB)
#9 15.75 Collecting Werkzeug==3.1.8 (from -r /opt/gateway/requirements.lock (line 42))
#9 15.75   Using cached werkzeug-3.1.8-py3-none-any.whl (226 kB)
#9 16.05 Collecting wsproto==1.3.2 (from -r /opt/gateway/requirements.lock (line 43))
#9 16.05   Using cached wsproto-1.3.2-py3-none-any.whl (24 kB)
#9 16.27 Collecting zstandard==0.25.0 (from -r /opt/gateway/requirements.lock (line 44))
#9 16.27   Using cached zstandard-0.25.0-cp312-cp312-manylinux2014_x86_64.manylinux_2_17_x86_64.whl (5.5 MB)
#9 16.40 Installing collected packages: sortedcontainers, pyperclip, publicsuffix2, brotli, zstandard, wcwidth, typing_extensions, tornado, ruamel.yaml, pyparsing, pylsqpack, pycparser, pyasn1, msgpack, mitmproxy_linux, MarkupSafe, kaitaistruct, itsdangerous, hyperframe, hpack, h11, click, certifi, blinker, bcrypt, attrs, asgiref, wsproto, Werkzeug, urwid, mitmproxy_rs, ldap3, Jinja2, h2, cffi, Flask, cryptography, argon2-cffi-bindings, service-identity, pyOpenSSL, argon2-cffi, aioquic, mitmproxy
#9 19.11 Successfully installed Flask-3.1.3 Jinja2-3.1.6 MarkupSafe-3.0.3 Werkzeug-3.1.8 aioquic-1.2.0 argon2-cffi-25.1.0 argon2-cffi-bindings-26.1.0 asgiref-3.11.1 attrs-26.1.0 bcrypt-5.0.0 blinker-1.9.0 brotli-1.2.0 certifi-2026.7.22 cffi-2.1.1 click-8.5.0 cryptography-50.0.1 h11-0.16.0 h2-4.4.1 hpack-4.2.0 hyperframe-6.1.0 itsdangerous-2.2.0 kaitaistruct-0.11 ldap3-2.9.1 mitmproxy-12.2.3+lantern1 mitmproxy_linux-0.12.11 mitmproxy_rs-0.12.11 msgpack-1.2.2 publicsuffix2-2.20191221 pyOpenSSL-26.4.0 pyasn1-0.6.4 pycparser-3.0 pylsqpack-0.3.24 pyparsing-3.3.2 pyperclip-1.11.0 ruamel.yaml-0.19.1 service-identity-26.1.0 sortedcontainers-2.4.0 tornado-6.5.8 typing_extensions-4.14.0 urwid-3.0.5 wcwidth-0.8.3 wsproto-1.3.2 zstandard-0.25.0
#9 19.12 
#9 19.12 [notice] A new release of pip is available: 25.0.1 -> 26.2.1
#9 19.12 [notice] To update, run: python3.12 -m pip install --upgrade pip
#9 19.45 No broken requirements found.
#9 DONE 19.5s

#10 [stage-0 5/6] COPY infra/qa-gateway/policy.py infra/qa-gateway/entrypoint.py /opt/gateway/
#10 DONE 0.0s

#11 [stage-0 6/6] COPY tools/azure-runner/qa_transport.py /opt/gateway/qa_transport.py
#11 DONE 0.0s

#12 exporting to image
#12 exporting layers
#12 exporting layers 3.3s done
#12 exporting manifest sha256:77d4c9bcbb2e604648995e5665c191f0403a2ff0a0dfca53c89f67e01b3cb51e done
#12 exporting config sha256:4bcfb1464a5c3b6ed141fac5a21be5761140945cb862dccc5eb8f1be46bc9bf8 done
#12 exporting attestation manifest sha256:d801e8d340396cae37ee2b61e3aea16a2e63be0147469d01524f4991f61d7efc done
#12 exporting manifest list sha256:fb0b441665d40004901f86dc7f62957a2deb1f29ffddb13bc5f855870683a525 done
#12 naming to docker.io/library/lantern-qa-gateway:continuation-4-minimal done
#12 unpacking to docker.io/library/lantern-qa-gateway:continuation-4-minimal
#12 unpacking to docker.io/library/lantern-qa-gateway:continuation-4-minimal 0.7s done
#12 DONE 4.0s
