#0 building with "desktop-linux" instance using docker driver

#1 [stage-0 1/6] FROM docker.io/library/lantern-qa-base:933a9c0899da@sha256:933a9c0899dae9c9d7f73d5bcf76a5298e7eaccea83b17233d4d8d56e3682756
#1 resolve docker.io/library/lantern-qa-base:933a9c0899da@sha256:933a9c0899dae9c9d7f73d5bcf76a5298e7eaccea83b17233d4d8d56e3682756 0.0s done
#1 DONE 0.0s

#2 [stage-0 2/6] RUN python3.12 -m venv /opt/gateway
#2 CACHED

#3 [internal] load build definition from Dockerfile
#3 transferring dockerfile: 1.29kB done
#3 WARN: InvalidDefaultArgInFrom: Default value for ARG ${BASE_IMAGE} results in empty or invalid base image name (line 3)
#3 DONE 0.0s

#4 [internal] load metadata for docker.io/library/lantern-qa-base:933a9c0899da
#4 DONE 0.0s

#5 [internal] load .dockerignore
#5 transferring context: 286B done
#5 DONE 0.0s

#6 [internal] load build context
#6 transferring context: 22.62kB done
#6 DONE 0.1s

#7 [stage-0 3/6] COPY infra/qa-gateway/requirements.lock infra/qa-gateway/upstream.lock infra/qa-gateway/vendor_wheel.py /opt/gateway/
#7 DONE 0.0s

#8 [stage-0 3/6] COPY infra/qa-gateway/requirements.lock infra/qa-gateway/upstream.lock infra/qa-gateway/vendor_wheel.py /opt/gateway/
#8 CACHED

#9 [stage-0 4/6] RUN --mount=type=cache,target=/root/.cache/pip     export PIP_CACHE_DIR=/root/.cache/pip && /opt/gateway/bin/pip download --timeout 120 --retries 3 --require-hashes --only-binary=:all: --no-deps       -r /opt/gateway/upstream.lock -d /opt/gateway/upstream     && /opt/gateway/bin/python /opt/gateway/vendor_wheel.py       /opt/gateway/upstream/mitmproxy-12.2.3-py3-none-any.whl       /opt/gateway/vendor/mitmproxy-12.2.3+lantern1-py3-none-any.whl > /opt/gateway/vendor-provenance.json     && /opt/gateway/bin/pip install --timeout 120 --retries 3 --require-hashes --only-binary=:all:       --find-links /opt/gateway/vendor -r /opt/gateway/requirements.lock     && /opt/gateway/bin/pip check
#9 2.653 Collecting mitmproxy==12.2.3 (from -r /opt/gateway/upstream.lock (line 1))
#9 2.656   Using cached mitmproxy-12.2.3-py3-none-any.whl (1.7 MB)
#9 2.668 Saved /opt/gateway/upstream/mitmproxy-12.2.3-py3-none-any.whl
#9 2.679 Successfully downloaded mitmproxy
#9 3.037 Looking in links: /opt/gateway/vendor
#9 3.900 Collecting aioquic==1.2.0 (from -r /opt/gateway/requirements.lock (line 2))
#9 3.902   Using cached aioquic-1.2.0-cp38-abi3-manylinux_2_17_x86_64.manylinux2014_x86_64.whl (2.2 MB)
#9 4.342 Collecting argon2-cffi-bindings==26.1.0 (from -r /opt/gateway/requirements.lock (line 3))
#9 4.344   Using cached argon2_cffi_bindings-26.1.0-cp310-abi3-manylinux_2_26_x86_64.manylinux_2_28_x86_64.whl (26 kB)
#9 4.519 Collecting argon2-cffi==25.1.0 (from -r /opt/gateway/requirements.lock (line 4))
#9 4.522   Using cached argon2_cffi-25.1.0-py3-none-any.whl (14 kB)
#9 5.018 Collecting asgiref==3.11.1 (from -r /opt/gateway/requirements.lock (line 5))
#9 5.022   Using cached asgiref-3.11.1-py3-none-any.whl (24 kB)
#9 5.951 Collecting attrs==26.1.0 (from -r /opt/gateway/requirements.lock (line 6))
#9 5.953   Using cached attrs-26.1.0-py3-none-any.whl (67 kB)
#9 6.422 Collecting bcrypt==5.0.0 (from -r /opt/gateway/requirements.lock (line 7))
#9 6.426   Using cached bcrypt-5.0.0-cp39-abi3-manylinux_2_34_x86_64.whl (278 kB)
#9 6.932 Collecting blinker==1.9.0 (from -r /opt/gateway/requirements.lock (line 8))
#9 6.935   Using cached blinker-1.9.0-py3-none-any.whl (8.5 kB)
#9 7.197 Collecting brotli==1.2.0 (from -r /opt/gateway/requirements.lock (line 9))
#9 7.200   Using cached brotli-1.2.0-cp312-cp312-manylinux2014_x86_64.manylinux_2_17_x86_64.whl (1.4 MB)
#9 7.716 Collecting certifi==2026.7.22 (from -r /opt/gateway/requirements.lock (line 10))
#9 7.721   Using cached certifi-2026.7.22-py3-none-any.whl (136 kB)
#9 8.204 Collecting cffi==2.1.1 (from -r /opt/gateway/requirements.lock (line 11))
#9 8.207   Using cached cffi-2.1.1-cp312-cp312-manylinux2014_x86_64.manylinux_2_17_x86_64.whl (221 kB)
#9 9.447 Collecting click==8.5.0 (from -r /opt/gateway/requirements.lock (line 12))
#9 9.451   Using cached click-8.5.0-py3-none-any.whl (125 kB)
#9 10.58 Collecting cryptography==50.0.1 (from -r /opt/gateway/requirements.lock (line 13))
#9 17.02   Downloading cryptography-50.0.1-cp311-abi3-manylinux_2_28_x86_64.whl (4.7 MB)
#9 39.22      ━━━━━━━━━━━━━━━━━━━━━━━━━━━━━━━━━━━━━━━━ 4.7/4.7 MB 219.5 kB/s eta 0:00:00
#9 39.40 Collecting Flask==3.1.3 (from -r /opt/gateway/requirements.lock (line 14))
#9 39.40   Using cached flask-3.1.3-py3-none-any.whl (103 kB)
#9 39.57 Collecting h11==0.16.0 (from -r /opt/gateway/requirements.lock (line 15))
#9 39.57   Using cached h11-0.16.0-py3-none-any.whl (37 kB)
#9 41.48 Collecting h2==4.4.1 (from -r /opt/gateway/requirements.lock (line 16))
#9 41.79   Downloading h2-4.4.1-py3-none-any.whl (62 kB)
#9 42.00      ━━━━━━━━━━━━━━━━━━━━━━━━━━━━━━━━━━━━━━━ 62.6/62.6 kB 314.5 kB/s eta 0:00:00
#9 43.05 Collecting hpack==4.2.0 (from -r /opt/gateway/requirements.lock (line 17))
#9 43.05   Using cached hpack-4.2.0-py3-none-any.whl (34 kB)
#9 43.56 Collecting hyperframe==6.1.0 (from -r /opt/gateway/requirements.lock (line 18))
#9 43.56   Using cached hyperframe-6.1.0-py3-none-any.whl (13 kB)
#9 44.08 Collecting itsdangerous==2.2.0 (from -r /opt/gateway/requirements.lock (line 19))
#9 44.08   Using cached itsdangerous-2.2.0-py3-none-any.whl (16 kB)
#9 44.25 Collecting Jinja2==3.1.6 (from -r /opt/gateway/requirements.lock (line 20))
#9 44.25   Using cached jinja2-3.1.6-py3-none-any.whl (134 kB)
#9 44.42 Collecting kaitaistruct==0.11 (from -r /opt/gateway/requirements.lock (line 21))
#9 44.42   Using cached kaitaistruct-0.11-py2.py3-none-any.whl (11 kB)
#9 44.87 Collecting ldap3==2.9.1 (from -r /opt/gateway/requirements.lock (line 22))
#9 44.87   Using cached ldap3-2.9.1-py2.py3-none-any.whl (432 kB)
#9 45.29 Collecting MarkupSafe==3.0.3 (from -r /opt/gateway/requirements.lock (line 23))
#9 45.29   Using cached markupsafe-3.0.3-cp312-cp312-manylinux2014_x86_64.manylinux_2_17_x86_64.manylinux_2_28_x86_64.whl (22 kB)
#9 45.53 Processing /opt/gateway/vendor/mitmproxy-12.2.3+lantern1-py3-none-any.whl (from -r /opt/gateway/requirements.lock (line 24))
#9 45.71 Collecting mitmproxy_linux==0.12.11 (from -r /opt/gateway/requirements.lock (line 25))
#9 45.71   Using cached mitmproxy_linux-0.12.11-py3-none-manylinux_2_17_x86_64.manylinux2014_x86_64.whl (1.6 MB)
#9 45.90 Collecting mitmproxy_rs==0.12.11 (from -r /opt/gateway/requirements.lock (line 26))
#9 45.90   Using cached mitmproxy_rs-0.12.11-cp312-abi3-manylinux_2_17_x86_64.manylinux2014_x86_64.whl (3.3 MB)
#9 46.29 Collecting msgpack==1.2.2 (from -r /opt/gateway/requirements.lock (line 27))
#9 46.46   Downloading msgpack-1.2.2-cp312-cp312-manylinux2014_x86_64.manylinux_2_17_x86_64.manylinux_2_28_x86_64.whl (420 kB)
#9 48.75      ━━━━━━━━━━━━━━━━━━━━━━━━━━━━━━━━━━━━━ 420.6/420.6 kB 201.3 kB/s eta 0:00:00
#9 49.29 Collecting publicsuffix2==2.20191221 (from -r /opt/gateway/requirements.lock (line 28))
#9 49.29   Using cached publicsuffix2-2.20191221-py2.py3-none-any.whl (89 kB)
#9 49.66 Collecting pyasn1==0.6.4 (from -r /opt/gateway/requirements.lock (line 29))
#9 49.66   Using cached pyasn1-0.6.4-py3-none-any.whl (84 kB)
#9 49.83 Collecting pycparser==3.0 (from -r /opt/gateway/requirements.lock (line 30))
#9 49.83   Using cached pycparser-3.0-py3-none-any.whl (48 kB)
#9 50.14 Collecting pylsqpack==0.3.24 (from -r /opt/gateway/requirements.lock (line 31))
#9 50.14   Using cached pylsqpack-0.3.24-cp310-abi3-manylinux2014_x86_64.manylinux_2_17_x86_64.manylinux_2_28_x86_64.whl (250 kB)
#9 50.33 Collecting pyOpenSSL==26.4.0 (from -r /opt/gateway/requirements.lock (line 32))
#9 50.49   Downloading pyopenssl-26.4.0-py3-none-any.whl (56 kB)
#9 51.14      ━━━━━━━━━━━━━━━━━━━━━━━━━━━━━━━━━━━━━━━━ 56.0/56.0 kB 80.8 kB/s eta 0:00:00
#9 53.17 Collecting pyparsing==3.3.2 (from -r /opt/gateway/requirements.lock (line 33))
#9 53.17   Using cached pyparsing-3.3.2-py3-none-any.whl (122 kB)
#9 53.67 Collecting pyperclip==1.11.0 (from -r /opt/gateway/requirements.lock (line 34))
#9 53.67   Using cached pyperclip-1.11.0-py3-none-any.whl (11 kB)
#9 54.44 Collecting ruamel.yaml==0.19.1 (from -r /opt/gateway/requirements.lock (line 35))
#9 54.44   Using cached ruamel_yaml-0.19.1-py3-none-any.whl (118 kB)
#9 55.00 Collecting service-identity==26.1.0 (from -r /opt/gateway/requirements.lock (line 36))
#9 55.00   Using cached service_identity-26.1.0-py3-none-any.whl (11 kB)
#9 55.88 Collecting sortedcontainers==2.4.0 (from -r /opt/gateway/requirements.lock (line 37))
#9 55.88   Using cached sortedcontainers-2.4.0-py2.py3-none-any.whl (29 kB)
#9 56.30 Collecting tornado==6.5.8 (from -r /opt/gateway/requirements.lock (line 38))
#9 56.68   Downloading tornado-6.5.8-cp39-abi3-manylinux1_x86_64.manylinux_2_28_x86_64.manylinux_2_5_x86_64.whl (450 kB)
#9 58.28      ━━━━━━━━━━━━━━━━━━━━━━━━━━━━━━━━━━━━━ 450.7/450.7 kB 275.2 kB/s eta 0:00:00
#9 58.65 Collecting typing_extensions==4.14.0 (from -r /opt/gateway/requirements.lock (line 39))
#9 58.65   Using cached typing_extensions-4.14.0-py3-none-any.whl (43 kB)
#9 58.97 Collecting urwid==3.0.5 (from -r /opt/gateway/requirements.lock (line 40))
#9 58.97   Using cached urwid-3.0.5-py3-none-any.whl (296 kB)
#9 59.18 Collecting wcwidth==0.8.3 (from -r /opt/gateway/requirements.lock (line 41))
#9 59.18   Using cached wcwidth-0.8.3-py3-none-any.whl (331 kB)
#9 59.53 Collecting Werkzeug==3.1.8 (from -r /opt/gateway/requirements.lock (line 42))
#9 59.53   Using cached werkzeug-3.1.8-py3-none-any.whl (226 kB)
#9 59.90 Collecting wsproto==1.3.2 (from -r /opt/gateway/requirements.lock (line 43))
#9 59.90   Using cached wsproto-1.3.2-py3-none-any.whl (24 kB)
#9 60.14 Collecting zstandard==0.25.0 (from -r /opt/gateway/requirements.lock (line 44))
#9 60.17   Using cached zstandard-0.25.0-cp312-cp312-manylinux2014_x86_64.manylinux_2_17_x86_64.whl (5.5 MB)
#9 60.45 Installing collected packages: sortedcontainers, pyperclip, publicsuffix2, brotli, zstandard, wcwidth, typing_extensions, tornado, ruamel.yaml, pyparsing, pylsqpack, pycparser, pyasn1, msgpack, mitmproxy_linux, MarkupSafe, kaitaistruct, itsdangerous, hyperframe, hpack, h11, click, certifi, blinker, bcrypt, attrs, asgiref, wsproto, Werkzeug, urwid, mitmproxy_rs, ldap3, Jinja2, h2, cffi, Flask, cryptography, argon2-cffi-bindings, service-identity, pyOpenSSL, argon2-cffi, aioquic, mitmproxy
#9 63.08 Successfully installed Flask-3.1.3 Jinja2-3.1.6 MarkupSafe-3.0.3 Werkzeug-3.1.8 aioquic-1.2.0 argon2-cffi-25.1.0 argon2-cffi-bindings-26.1.0 asgiref-3.11.1 attrs-26.1.0 bcrypt-5.0.0 blinker-1.9.0 brotli-1.2.0 certifi-2026.7.22 cffi-2.1.1 click-8.5.0 cryptography-50.0.1 h11-0.16.0 h2-4.4.1 hpack-4.2.0 hyperframe-6.1.0 itsdangerous-2.2.0 kaitaistruct-0.11 ldap3-2.9.1 mitmproxy-12.2.3+lantern1 mitmproxy_linux-0.12.11 mitmproxy_rs-0.12.11 msgpack-1.2.2 publicsuffix2-2.20191221 pyOpenSSL-26.4.0 pyasn1-0.6.4 pycparser-3.0 pylsqpack-0.3.24 pyparsing-3.3.2 pyperclip-1.11.0 ruamel.yaml-0.19.1 service-identity-26.1.0 sortedcontainers-2.4.0 tornado-6.5.8 typing_extensions-4.14.0 urwid-3.0.5 wcwidth-0.8.3 wsproto-1.3.2 zstandard-0.25.0
#9 63.69 No broken requirements found.
#9 DONE 63.8s

#10 [stage-0 5/6] COPY infra/qa-gateway/policy.py infra/qa-gateway/entrypoint.py /opt/gateway/
#10 DONE 0.0s

#11 [stage-0 6/6] COPY tools/azure-runner/qa_transport.py /opt/gateway/qa_transport.py
#11 DONE 0.0s

#12 exporting to image
#12 exporting layers
#12 exporting layers 3.0s done
#12 exporting manifest sha256:61505d19f832330a9790f92cc7059868d3e7f2dc43c7823daeee866ebe0ac159 done
#12 exporting config sha256:19790e6767df2a0278260af22f9937e9537399a52fc89f111bb5e05f8cfd8e2f done
#12 exporting attestation manifest sha256:11cba546c708ba3cc059f172a5300aa5676e72f874fdbe522fb7576f0a5855b3 0.0s done
#12 exporting manifest list sha256:17c1887ead77a9516d78954729c41d340ba7b028e0ac2d2f7d16f063fbfe10e1 done
#12 naming to docker.io/library/lantern-qa-gateway:continuation-4 done
#12 unpacking to docker.io/library/lantern-qa-gateway:continuation-4
#12 unpacking to docker.io/library/lantern-qa-gateway:continuation-4 0.5s done
#12 DONE 3.7s

 1 warning found (use docker --debug to expand):
 - InvalidDefaultArgInFrom: Default value for ARG ${BASE_IMAGE} results in empty or invalid base image name (line 3)
