#0 building with "desktop-linux" instance using docker driver

#1 [internal] load build definition from c3-network-test.Dockerfile
#1 transferring dockerfile: 228B 0.0s done
#1 DONE 0.0s

#2 [internal] load metadata for docker.io/library/ubuntu:24.04
#2 ...

#3 [auth] library/ubuntu:pull token for registry-1.docker.io
#3 DONE 0.0s

#2 [internal] load metadata for docker.io/library/ubuntu:24.04
#2 DONE 7.8s

#4 [internal] load .dockerignore
#4 transferring context: 286B done
#4 DONE 0.0s

#5 [1/2] FROM docker.io/library/ubuntu:24.04@sha256:224a1869083a311ef3f13648a154ba79832fbef6364d31493642ca03082da254
#5 resolve docker.io/library/ubuntu:24.04@sha256:224a1869083a311ef3f13648a154ba79832fbef6364d31493642ca03082da254 0.0s done
#5 CACHED

#6 [2/2] RUN apt-get update && apt-get install -y --no-install-recommends python3 iproute2 nftables procps && rm -rf /var/lib/apt/lists/*
#6 26.23 Get:1 http://archive.ubuntu.com/ubuntu noble InRelease [256 kB]
#6 31.69 Get:2 http://archive.ubuntu.com/ubuntu noble-updates InRelease [126 kB]
#6 32.05 Get:3 http://security.ubuntu.com/ubuntu noble-security InRelease [126 kB]
#6 33.22 Get:4 http://archive.ubuntu.com/ubuntu noble-backports InRelease [126 kB]
#6 34.74 Get:5 http://archive.ubuntu.com/ubuntu noble/multiverse amd64 Packages [331 kB]
#6 35.66 Get:6 http://archive.ubuntu.com/ubuntu noble/universe amd64 Packages [19.3 MB]
#6 36.58 Get:7 http://security.ubuntu.com/ubuntu noble-security/universe amd64 Packages [1530 kB]
#6 48.58 Get:8 http://security.ubuntu.com/ubuntu noble-security/restricted amd64 Packages [1796 kB]
#6 55.10 Get:9 http://security.ubuntu.com/ubuntu noble-security/main amd64 Packages [1242 kB]
#6 60.58 Get:10 http://security.ubuntu.com/ubuntu noble-security/multiverse amd64 Packages [50.0 kB]
#6 83.63 Get:11 http://archive.ubuntu.com/ubuntu noble/restricted amd64 Packages [117 kB]
#6 83.93 Get:12 http://archive.ubuntu.com/ubuntu noble/main amd64 Packages [1808 kB]
#6 89.51 Get:13 http://archive.ubuntu.com/ubuntu noble-updates/main amd64 Packages [1564 kB]
#6 95.27 Get:14 http://archive.ubuntu.com/ubuntu noble-updates/restricted amd64 Packages [1908 kB]
#6 103.2 Get:15 http://archive.ubuntu.com/ubuntu noble-updates/universe amd64 Packages [2151 kB]
#6 111.0 Get:16 http://archive.ubuntu.com/ubuntu noble-updates/multiverse amd64 Packages [55.8 kB]
#6 111.2 Get:17 http://archive.ubuntu.com/ubuntu noble-backports/universe amd64 Packages [35.9 kB]
#6 111.4 Get:18 http://archive.ubuntu.com/ubuntu noble-backports/multiverse amd64 Packages [671 B]
#6 111.4 Get:19 http://archive.ubuntu.com/ubuntu noble-backports/main amd64 Packages [48.9 kB]
#6 111.6 Fetched 32.6 MB in 1min 51s (293 kB/s)
#6 111.6 Reading package lists...
#6 112.3 Reading package lists...
#6 113.0 Building dependency tree...
#6 113.1 Reading state information...
#6 113.3 procps is already the newest version (2:4.0.4-4ubuntu3.3).
#6 113.3 The following additional packages will be installed:
#6 113.3   libbpf1 libbsd0 libcap2-bin libedit2 libelf1t64 libexpat1 libjansson4
#6 113.3   libmnl0 libnftables1 libnftnl11 libpython3-stdlib libpython3.12-minimal
#6 113.3   libpython3.12-stdlib libreadline8t64 libsqlite3-0 libxtables12 media-types
#6 113.3   netbase python3-minimal python3.12 python3.12-minimal readline-common tzdata
#6 113.3 Suggested packages:
#6 113.3   iproute2-doc firewalld python3-doc python3-tk python3-venv python3.12-venv
#6 113.3   python3.12-doc binutils binfmt-support readline-doc
#6 113.3 Recommended packages:
#6 113.3   libatm1t64 libpam-cap ca-certificates
#6 113.3 The following NEW packages will be installed:
#6 113.3   iproute2 libbpf1 libbsd0 libcap2-bin libedit2 libelf1t64 libexpat1
#6 113.3   libjansson4 libmnl0 libnftables1 libnftnl11 libpython3-stdlib
#6 113.3   libpython3.12-minimal libpython3.12-stdlib libreadline8t64 libsqlite3-0
#6 113.3   libxtables12 media-types netbase nftables python3 python3-minimal python3.12
#6 113.3   python3.12-minimal readline-common tzdata
#6 139.0 0 upgraded, 26 newly installed, 0 to remove and 3 not upgraded.
#6 139.0 Need to get 9366 kB of archives.
#6 139.0 After this operation, 33.9 MB of additional disk space will be used.
#6 139.0 Ign:1 http://archive.ubuntu.com/ubuntu noble-updates/main amd64 libpython3.12-minimal amd64 3.12.3-1ubuntu0.17
#6 181.9 Ign:2 http://archive.ubuntu.com/ubuntu noble-updates/main amd64 libexpat1 amd64 2.6.1-2ubuntu0.4
#6 224.6 Ign:3 http://archive.ubuntu.com/ubuntu noble-updates/main amd64 python3.12-minimal amd64 3.12.3-1ubuntu0.17
#6 267.3 Ign:4 http://archive.ubuntu.com/ubuntu noble-updates/main amd64 python3-minimal amd64 3.12.3-0ubuntu2.1
#6 292.9 Ign:5 http://archive.ubuntu.com/ubuntu noble/main amd64 media-types all 10.1.0
#6 318.3 Ign:6 http://archive.ubuntu.com/ubuntu noble/main amd64 netbase all 6.4
#6 328.3 Ign:7 http://archive.ubuntu.com/ubuntu noble-updates/main amd64 tzdata all 2026c-0ubuntu0.24.04.1
#6 372.3 Ign:8 http://archive.ubuntu.com/ubuntu noble/main amd64 readline-common all 8.2-4build1
#6 415.1 Ign:9 http://archive.ubuntu.com/ubuntu noble/main amd64 libreadline8t64 amd64 8.2-4build1
#6 475.7 Ign:10 http://archive.ubuntu.com/ubuntu noble-updates/main amd64 libsqlite3-0 amd64 3.45.1-1ubuntu2.7
#6 504.5 Ign:11 http://archive.ubuntu.com/ubuntu noble-updates/main amd64 libpython3.12-stdlib amd64 3.12.3-1ubuntu0.17
#6 529.4 Ign:12 http://archive.ubuntu.com/ubuntu noble-updates/main amd64 python3.12 amd64 3.12.3-1ubuntu0.17
#6 571.9 Ign:13 http://archive.ubuntu.com/ubuntu noble-updates/main amd64 libpython3-stdlib amd64 3.12.3-0ubuntu2.1
#6 597.0 Ign:14 http://archive.ubuntu.com/ubuntu noble-updates/main amd64 python3 amd64 3.12.3-0ubuntu2.1
#6 622.4 Ign:15 http://archive.ubuntu.com/ubuntu noble-updates/main amd64 libelf1t64 amd64 0.190-1.1ubuntu0.1
#6 649.4 Get:16 http://archive.ubuntu.com/ubuntu noble/main amd64 libbpf1 amd64 1:1.3.0-2build2 [166 kB]
#6 654.4 Get:17 http://archive.ubuntu.com/ubuntu noble/main amd64 libmnl0 amd64 1.0.5-2build1 [12.3 kB]
#6 655.7 Get:18 http://archive.ubuntu.com/ubuntu noble/main amd64 libxtables12 amd64 1.8.10-3ubuntu2 [35.7 kB]
#6 656.7 Get:19 http://archive.ubuntu.com/ubuntu noble-updates/main amd64 libcap2-bin amd64 1:2.66-5ubuntu2.4 [34.1 kB]
#6 657.5 Get:20 http://archive.ubuntu.com/ubuntu noble-updates/main amd64 iproute2 amd64 6.1.0-1ubuntu6.4 [1120 kB]
#6 664.5 Get:21 http://archive.ubuntu.com/ubuntu noble-updates/main amd64 libbsd0 amd64 0.12.1-1build1.1 [41.2 kB]
#6 665.9 Get:22 http://archive.ubuntu.com/ubuntu noble/main amd64 libedit2 amd64 3.1-20230828-1build1 [97.6 kB]
#6 667.4 Get:23 http://archive.ubuntu.com/ubuntu noble/main amd64 libjansson4 amd64 2.14-2build2 [32.8 kB]
#6 669.1 Get:24 http://archive.ubuntu.com/ubuntu noble/main amd64 libnftnl11 amd64 1.2.6-2build1 [66.0 kB]
#6 671.6 Get:25 http://archive.ubuntu.com/ubuntu noble-updates/main amd64 libnftables1 amd64 1.0.9-1ubuntu0.1 [359 kB]
#6 674.6 Get:26 http://archive.ubuntu.com/ubuntu noble-updates/main amd64 nftables amd64 1.0.9-1ubuntu0.1 [69.8 kB]
#6 676.7 Get:1 http://archive.ubuntu.com/ubuntu noble-updates/main amd64 libpython3.12-minimal amd64 3.12.3-1ubuntu0.17 [839 kB]
#6 683.1 Get:2 http://archive.ubuntu.com/ubuntu noble-updates/main amd64 libexpat1 amd64 2.6.1-2ubuntu0.4 [88.2 kB]
#6 684.7 Get:3 http://archive.ubuntu.com/ubuntu noble-updates/main amd64 python3.12-minimal amd64 3.12.3-1ubuntu0.17 [2335 kB]
#6 702.7 Get:4 http://archive.ubuntu.com/ubuntu noble-updates/main amd64 python3-minimal amd64 3.12.3-0ubuntu2.1 [27.4 kB]
#6 704.3 Get:5 http://archive.ubuntu.com/ubuntu noble/main amd64 media-types all 10.1.0 [27.5 kB]
#6 705.8 Get:6 http://archive.ubuntu.com/ubuntu noble/main amd64 netbase all 6.4 [13.1 kB]
#6 707.2 Get:7 http://archive.ubuntu.com/ubuntu noble-updates/main amd64 tzdata all 2026c-0ubuntu0.24.04.1 [280 kB]
#6 710.6 Get:8 http://archive.ubuntu.com/ubuntu noble/main amd64 readline-common all 8.2-4build1 [56.5 kB]
#6 711.8 Get:9 http://archive.ubuntu.com/ubuntu noble/main amd64 libreadline8t64 amd64 8.2-4build1 [153 kB]
#6 714.2 Get:10 http://archive.ubuntu.com/ubuntu noble-updates/main amd64 libsqlite3-0 amd64 3.45.1-1ubuntu2.7 [701 kB]
#6 720.7 Get:11 http://archive.ubuntu.com/ubuntu noble-updates/main amd64 libpython3.12-stdlib amd64 3.12.3-1ubuntu0.17 [2071 kB]
#6 738.5 Get:12 http://archive.ubuntu.com/ubuntu noble-updates/main amd64 python3.12 amd64 3.12.3-1ubuntu0.17 [651 kB]
#6 743.9 Get:13 http://archive.ubuntu.com/ubuntu noble-updates/main amd64 libpython3-stdlib amd64 3.12.3-0ubuntu2.1 [10.1 kB]
#6 744.5 Get:14 http://archive.ubuntu.com/ubuntu noble-updates/main amd64 python3 amd64 3.12.3-0ubuntu2.1 [23.0 kB]
#6 745.6 Get:15 http://archive.ubuntu.com/ubuntu noble-updates/main amd64 libelf1t64 amd64 0.190-1.1ubuntu0.1 [57.8 kB]
#6 746.2 debconf: delaying package configuration, since apt-utils is not installed
#6 746.2 Fetched 9366 kB in 10min 33s (14.8 kB/s)
#6 746.2 Selecting previously unselected package libpython3.12-minimal:amd64.
#6 746.2 (Reading database ... 
(Reading database ... 5%
(Reading database ... 10%
(Reading database ... 15%
(Reading database ... 20%
(Reading database ... 25%
(Reading database ... 30%
(Reading database ... 35%
(Reading database ... 40%
(Reading database ... 45%
(Reading database ... 50%
(Reading database ... 55%
(Reading database ... 60%
(Reading database ... 65%
(Reading database ... 70%
(Reading database ... 75%
(Reading database ... 80%
(Reading database ... 85%
(Reading database ... 90%
(Reading database ... 95%
(Reading database ... 100%
(Reading database ... 4381 files and directories currently installed.)
#6 746.2 Preparing to unpack .../libpython3.12-minimal_3.12.3-1ubuntu0.17_amd64.deb ...
#6 746.2 Unpacking libpython3.12-minimal:amd64 (3.12.3-1ubuntu0.17) ...
#6 746.3 Selecting previously unselected package libexpat1:amd64.
#6 746.3 Preparing to unpack .../libexpat1_2.6.1-2ubuntu0.4_amd64.deb ...
#6 746.3 Unpacking libexpat1:amd64 (2.6.1-2ubuntu0.4) ...
#6 746.3 Selecting previously unselected package python3.12-minimal.
#6 746.3 Preparing to unpack .../python3.12-minimal_3.12.3-1ubuntu0.17_amd64.deb ...
#6 746.3 Unpacking python3.12-minimal (3.12.3-1ubuntu0.17) ...
#6 746.4 Setting up libpython3.12-minimal:amd64 (3.12.3-1ubuntu0.17) ...
#6 746.4 Setting up libexpat1:amd64 (2.6.1-2ubuntu0.4) ...
#6 746.4 Setting up python3.12-minimal (3.12.3-1ubuntu0.17) ...
#6 746.8 Selecting previously unselected package python3-minimal.
#6 746.8 (Reading database ... 
(Reading database ... 5%
(Reading database ... 10%
(Reading database ... 15%
(Reading database ... 20%
(Reading database ... 25%
(Reading database ... 30%
(Reading database ... 35%
(Reading database ... 40%
(Reading database ... 45%
(Reading database ... 50%
(Reading database ... 55%
(Reading database ... 60%
(Reading database ... 65%
(Reading database ... 70%
(Reading database ... 75%
(Reading database ... 80%
(Reading database ... 85%
(Reading database ... 90%
(Reading database ... 95%
(Reading database ... 100%
(Reading database ... 4700 files and directories currently installed.)
#6 746.8 Preparing to unpack .../0-python3-minimal_3.12.3-0ubuntu2.1_amd64.deb ...
#6 746.8 Unpacking python3-minimal (3.12.3-0ubuntu2.1) ...
#6 746.8 Selecting previously unselected package media-types.
#6 746.8 Preparing to unpack .../1-media-types_10.1.0_all.deb ...
#6 746.9 Unpacking media-types (10.1.0) ...
#6 746.9 Selecting previously unselected package netbase.
#6 746.9 Preparing to unpack .../2-netbase_6.4_all.deb ...
#6 746.9 Unpacking netbase (6.4) ...
#6 746.9 Selecting previously unselected package tzdata.
#6 746.9 Preparing to unpack .../3-tzdata_2026c-0ubuntu0.24.04.1_all.deb ...
#6 746.9 Unpacking tzdata (2026c-0ubuntu0.24.04.1) ...
#6 746.9 Selecting previously unselected package readline-common.
#6 746.9 Preparing to unpack .../4-readline-common_8.2-4build1_all.deb ...
#6 746.9 Unpacking readline-common (8.2-4build1) ...
#6 746.9 Selecting previously unselected package libreadline8t64:amd64.
#6 746.9 Preparing to unpack .../5-libreadline8t64_8.2-4build1_amd64.deb ...
#6 746.9 Adding 'diversion of /lib/x86_64-linux-gnu/libhistory.so.8 to /lib/x86_64-linux-gnu/libhistory.so.8.usr-is-merged by libreadline8t64'
#6 746.9 Adding 'diversion of /lib/x86_64-linux-gnu/libhistory.so.8.2 to /lib/x86_64-linux-gnu/libhistory.so.8.2.usr-is-merged by libreadline8t64'
#6 747.0 Adding 'diversion of /lib/x86_64-linux-gnu/libreadline.so.8 to /lib/x86_64-linux-gnu/libreadline.so.8.usr-is-merged by libreadline8t64'
#6 747.0 Adding 'diversion of /lib/x86_64-linux-gnu/libreadline.so.8.2 to /lib/x86_64-linux-gnu/libreadline.so.8.2.usr-is-merged by libreadline8t64'
#6 747.0 Unpacking libreadline8t64:amd64 (8.2-4build1) ...
#6 747.0 Selecting previously unselected package libsqlite3-0:amd64.
#6 747.0 Preparing to unpack .../6-libsqlite3-0_3.45.1-1ubuntu2.7_amd64.deb ...
#6 747.0 Unpacking libsqlite3-0:amd64 (3.45.1-1ubuntu2.7) ...
#6 747.0 Selecting previously unselected package libpython3.12-stdlib:amd64.
#6 747.0 Preparing to unpack .../7-libpython3.12-stdlib_3.12.3-1ubuntu0.17_amd64.deb ...
#6 747.0 Unpacking libpython3.12-stdlib:amd64 (3.12.3-1ubuntu0.17) ...
#6 747.1 Selecting previously unselected package python3.12.
#6 747.1 Preparing to unpack .../8-python3.12_3.12.3-1ubuntu0.17_amd64.deb ...
#6 747.1 Unpacking python3.12 (3.12.3-1ubuntu0.17) ...
#6 747.1 Selecting previously unselected package libpython3-stdlib:amd64.
#6 747.1 Preparing to unpack .../9-libpython3-stdlib_3.12.3-0ubuntu2.1_amd64.deb ...
#6 747.1 Unpacking libpython3-stdlib:amd64 (3.12.3-0ubuntu2.1) ...
#6 747.1 Setting up python3-minimal (3.12.3-0ubuntu2.1) ...
#6 747.2 Selecting previously unselected package python3.
#6 747.2 (Reading database ... 
(Reading database ... 5%
(Reading database ... 10%
(Reading database ... 15%
(Reading database ... 20%
(Reading database ... 25%
(Reading database ... 30%
(Reading database ... 35%
(Reading database ... 40%
(Reading database ... 45%
(Reading database ... 50%
(Reading database ... 55%
(Reading database ... 60%
(Reading database ... 65%
(Reading database ... 70%
(Reading database ... 75%
(Reading database ... 80%
(Reading database ... 85%
(Reading database ... 90%
(Reading database ... 95%
(Reading database ... 100%
(Reading database ... 5706 files and directories currently installed.)
#6 747.2 Preparing to unpack .../00-python3_3.12.3-0ubuntu2.1_amd64.deb ...
#6 747.2 Unpacking python3 (3.12.3-0ubuntu2.1) ...
#6 747.2 Selecting previously unselected package libelf1t64:amd64.
#6 747.2 Preparing to unpack .../01-libelf1t64_0.190-1.1ubuntu0.1_amd64.deb ...
#6 747.2 Unpacking libelf1t64:amd64 (0.190-1.1ubuntu0.1) ...
#6 747.2 Selecting previously unselected package libbpf1:amd64.
#6 747.2 Preparing to unpack .../02-libbpf1_1%3a1.3.0-2build2_amd64.deb ...
#6 747.2 Unpacking libbpf1:amd64 (1:1.3.0-2build2) ...
#6 747.2 Selecting previously unselected package libmnl0:amd64.
#6 747.2 Preparing to unpack .../03-libmnl0_1.0.5-2build1_amd64.deb ...
#6 747.2 Unpacking libmnl0:amd64 (1.0.5-2build1) ...
#6 747.2 Selecting previously unselected package libxtables12:amd64.
#6 747.2 Preparing to unpack .../04-libxtables12_1.8.10-3ubuntu2_amd64.deb ...
#6 747.2 Unpacking libxtables12:amd64 (1.8.10-3ubuntu2) ...
#6 747.3 Selecting previously unselected package libcap2-bin.
#6 747.3 Preparing to unpack .../05-libcap2-bin_1%3a2.66-5ubuntu2.4_amd64.deb ...
#6 747.3 Unpacking libcap2-bin (1:2.66-5ubuntu2.4) ...
#6 747.3 Selecting previously unselected package iproute2.
#6 747.3 Preparing to unpack .../06-iproute2_6.1.0-1ubuntu6.4_amd64.deb ...
#6 747.3 Unpacking iproute2 (6.1.0-1ubuntu6.4) ...
#6 747.3 Selecting previously unselected package libbsd0:amd64.
#6 747.3 Preparing to unpack .../07-libbsd0_0.12.1-1build1.1_amd64.deb ...
#6 747.3 Unpacking libbsd0:amd64 (0.12.1-1build1.1) ...
#6 747.3 Selecting previously unselected package libedit2:amd64.
#6 747.3 Preparing to unpack .../08-libedit2_3.1-20230828-1build1_amd64.deb ...
#6 747.3 Unpacking libedit2:amd64 (3.1-20230828-1build1) ...
#6 747.3 Selecting previously unselected package libjansson4:amd64.
#6 747.3 Preparing to unpack .../09-libjansson4_2.14-2build2_amd64.deb ...
#6 747.3 Unpacking libjansson4:amd64 (2.14-2build2) ...
#6 747.3 Selecting previously unselected package libnftnl11:amd64.
#6 747.3 Preparing to unpack .../10-libnftnl11_1.2.6-2build1_amd64.deb ...
#6 747.3 Unpacking libnftnl11:amd64 (1.2.6-2build1) ...
#6 747.4 Selecting previously unselected package libnftables1:amd64.
#6 747.4 Preparing to unpack .../11-libnftables1_1.0.9-1ubuntu0.1_amd64.deb ...
#6 747.4 Unpacking libnftables1:amd64 (1.0.9-1ubuntu0.1) ...
#6 747.4 Selecting previously unselected package nftables.
#6 747.4 Preparing to unpack .../12-nftables_1.0.9-1ubuntu0.1_amd64.deb ...
#6 747.4 Unpacking nftables (1.0.9-1ubuntu0.1) ...
#6 747.4 Setting up media-types (10.1.0) ...
#6 747.4 Setting up libsqlite3-0:amd64 (3.45.1-1ubuntu2.7) ...
#6 747.4 Setting up libelf1t64:amd64 (0.190-1.1ubuntu0.1) ...
#6 747.4 Setting up libjansson4:amd64 (2.14-2build2) ...
#6 747.4 Setting up tzdata (2026c-0ubuntu0.24.04.1) ...
#6 747.5 debconf: unable to initialize frontend: Dialog
#6 747.5 debconf: (TERM is not set, so the dialog frontend is not usable.)
#6 747.5 debconf: falling back to frontend: Readline
#6 747.5 debconf: unable to initialize frontend: Readline
#6 747.5 debconf: (Can't locate Term/ReadLine.pm in @INC (you may need to install the Term::ReadLine module) (@INC entries checked: /etc/perl /usr/local/lib/x86_64-linux-gnu/perl/5.38.2 /usr/local/share/perl/5.38.2 /usr/lib/x86_64-linux-gnu/perl5/5.38 /usr/share/perl5 /usr/lib/x86_64-linux-gnu/perl-base /usr/lib/x86_64-linux-gnu/perl/5.38 /usr/share/perl/5.38 /usr/local/lib/site_perl) at /usr/share/perl5/Debconf/FrontEnd/Readline.pm line 8.)
#6 747.5 debconf: falling back to frontend: Teletype
#6 747.5 Configuring tzdata
#6 747.5 ------------------
#6 747.5 
#6 747.5 Please select the geographic area in which you live. Subsequent configuration
#6 747.5 questions will narrow this down by presenting a list of cities, representing
#6 747.5 the time zones in which they are located.
#6 747.5 
#6 747.5   1. Africa      4. Arctic    7. Australia  10. Pacific
#6 747.5   2. America     5. Asia      8. Europe     11. Etc
#6 747.5   3. Antarctica  6. Atlantic  9. Indian     12. Legacy
#6 747.5 Geographic area: 
#6 747.5 Use of uninitialized value $_[1] in join or string at /usr/share/perl5/Debconf/DbDriver/Stack.pm line 112.
#6 747.5 
#6 747.5 Current default time zone: '/UTC'
#6 747.5 Local time is now:      Fri Sep 11 08:58:17 UTC 2026.
#6 747.5 Universal Time is now:  Fri Sep 11 08:58:17 UTC 2026.
#6 747.5 Run 'dpkg-reconfigure tzdata' if you wish to change it.
#6 747.5 
#6 747.5 Use of uninitialized value $val in substitution (s///) at /usr/share/perl5/Debconf/Format/822.pm line 84, <GEN6> line 4.
#6 747.5 Use of uninitialized value $val in concatenation (.) or string at /usr/share/perl5/Debconf/Format/822.pm line 85, <GEN6> line 4.
#6 747.5 Setting up libcap2-bin (1:2.66-5ubuntu2.4) ...
#6 747.5 Setting up libmnl0:amd64 (1.0.5-2build1) ...
#6 747.5 Setting up libxtables12:amd64 (1.8.10-3ubuntu2) ...
#6 747.5 Setting up netbase (6.4) ...
#6 747.5 Setting up libbsd0:amd64 (0.12.1-1build1.1) ...
#6 747.5 Setting up readline-common (8.2-4build1) ...
#6 747.5 Setting up libbpf1:amd64 (1:1.3.0-2build2) ...
#6 747.5 Setting up iproute2 (6.1.0-1ubuntu6.4) ...
#6 747.6 debconf: unable to initialize frontend: Dialog
#6 747.6 debconf: (TERM is not set, so the dialog frontend is not usable.)
#6 747.6 debconf: falling back to frontend: Readline
#6 747.6 debconf: unable to initialize frontend: Readline
#6 747.6 debconf: (Can't locate Term/ReadLine.pm in @INC (you may need to install the Term::ReadLine module) (@INC entries checked: /etc/perl /usr/local/lib/x86_64-linux-gnu/perl/5.38.2 /usr/local/share/perl/5.38.2 /usr/lib/x86_64-linux-gnu/perl5/5.38 /usr/share/perl5 /usr/lib/x86_64-linux-gnu/perl-base /usr/lib/x86_64-linux-gnu/perl/5.38 /usr/share/perl/5.38 /usr/local/lib/site_perl) at /usr/share/perl5/Debconf/FrontEnd/Readline.pm line 8.)
#6 747.6 debconf: falling back to frontend: Teletype
#6 747.6 Setting up libedit2:amd64 (3.1-20230828-1build1) ...
#6 747.6 Setting up libnftnl11:amd64 (1.2.6-2build1) ...
#6 747.6 Setting up libreadline8t64:amd64 (8.2-4build1) ...
#6 747.6 Setting up libnftables1:amd64 (1.0.9-1ubuntu0.1) ...
#6 747.6 Setting up nftables (1.0.9-1ubuntu0.1) ...
#6 747.7 Setting up libpython3.12-stdlib:amd64 (3.12.3-1ubuntu0.17) ...
#6 747.7 Setting up python3.12 (3.12.3-1ubuntu0.17) ...
#6 748.2 Setting up libpython3-stdlib:amd64 (3.12.3-0ubuntu2.1) ...
#6 748.2 Setting up python3 (3.12.3-0ubuntu2.1) ...
#6 748.2 running python rtupdate hooks for python3.12...
#6 748.2 running python post-rtupdate hooks for python3.12...
#6 748.2 Processing triggers for libc-bin (2.39-0ubuntu8.8) ...
#6 DONE 748.3s

#7 exporting to image
#7 exporting layers
#7 exporting layers 1.0s done
#7 exporting manifest sha256:80248567566237d9046ba8d74d7e36d62bcfed2f9359833d86bc0e1f758f7b79 done
#7 exporting config sha256:64540280243a01ac1de9f667037b48d52a302f1539acc2671a4631df9b22e20b done
#7 exporting attestation manifest sha256:ca9f5e48be2bb70d8656a97cc23692423f10e820ec2c89a78501daead529d99e done
#7 exporting manifest list sha256:0ca542dc2de2b9f1d98b05f466b185ebce5230c9a00be44704020a1690176080 done
#7 naming to docker.io/library/lantern-qa-network-test:c3 done
#7 unpacking to docker.io/library/lantern-qa-network-test:c3
#7 unpacking to docker.io/library/lantern-qa-network-test:c3 0.2s done
#7 DONE 1.3s
