#0 building with "desktop-linux" instance using docker driver

#1 [stage-0 1/6] FROM docker.io/library/python:3.12-slim@sha256:2fe5997d249a808b8eeea52c58a1dbffbba28754dc11699ef5c029f2d818ce79
#1 resolve docker.io/library/python:3.12-slim@sha256:2fe5997d249a808b8eeea52c58a1dbffbba28754dc11699ef5c029f2d818ce79 0.0s done
#1 sha256:56235e4245636e401a28cf88944d543b29ee028ae3b6c27e03d6b43e7b4eac5f 249B / 249B 1.8s done
#1 sha256:dbd0b7849e6c06b61e1fa6b7ffe053f246ce0075890620e3db64b47bb662433a 4.27MB / 4.27MB 12.3s done
#1 extracting sha256:dbd0b7849e6c06b61e1fa6b7ffe053f246ce0075890620e3db64b47bb662433a 0.1s done
#1 sha256:1560cfed01dc4c72c07f789d860078d74466a1f9a26b33a2e35d887b5f90dd3f 12.12MB / 12.12MB 18.3s done
#1 extracting sha256:1560cfed01dc4c72c07f789d860078d74466a1f9a26b33a2e35d887b5f90dd3f 0.2s done
#1 extracting sha256:56235e4245636e401a28cf88944d543b29ee028ae3b6c27e03d6b43e7b4eac5f done
#1 DONE 18.6s

#2 [internal] load build definition from c3-network-test.Dockerfile
#2 transferring dockerfile: 500B done
#2 DONE 0.0s

#3 [internal] load metadata for docker.io/library/python:3.12-slim@sha256:2fe5997d249a808b8eeea52c58a1dbffbba28754dc11699ef5c029f2d818ce79
#3 DONE 0.0s

#4 [internal] load .dockerignore
#4 transferring context: 286B done
#4 DONE 0.0s

#5 [2/2] RUN sed -i 's|http://deb.debian.org|https://deb.debian.org|g' /etc/apt/sources.list.d/debian.sources && apt-get -o Acquire::https::Timeout=20 -o Acquire::Retries=1 update && apt-get -o Acquire::https::Timeout=20 -o Acquire::Retries=1 install -y --no-install-recommends iproute2 nftables procps && rm -rf /var/lib/apt/lists/*
#5 20.21 Ign:1 https://deb.debian.org/debian trixie InRelease
#5 25.96 Get:2 https://deb.debian.org/debian trixie-updates InRelease [47.3 kB]
#5 26.43 Get:3 https://deb.debian.org/debian-security trixie-security InRelease [43.4 kB]
#5 26.87 Hit:1 https://deb.debian.org/debian trixie InRelease
#5 27.03 Get:4 https://deb.debian.org/debian trixie-updates/main amd64 Packages [4412 B]
#5 27.05 Get:5 https://deb.debian.org/debian-security trixie-security/main amd64 Packages [257 kB]
#5 27.82 Get:6 https://deb.debian.org/debian trixie/main amd64 Packages [9673 kB]
#5 38.42 Fetched 10.0 MB in 38s (262 kB/s)
#5 38.42 Reading package lists...
#5 38.81 Reading package lists...
#5 39.19 Building dependency tree...
#5 39.29 Reading state information...
#5 39.40 The following additional packages will be installed:
#5 39.40   libbpf1 libcap2-bin libcom-err2 libedit2 libelf1t64 libgssapi-krb5-2
#5 39.40   libjansson4 libk5crypto3 libkeyutils1 libkrb5-3 libkrb5support0 libmnl0
#5 39.40   libnftables1 libnftnl11 libproc2-0 libtirpc-common libtirpc3t64 libxtables12
#5 39.41 Suggested packages:
#5 39.41   python3:any krb5-doc krb5-user firewalld
#5 39.41 Recommended packages:
#5 39.41   libpam-cap krb5-locales psmisc linux-sysctl-defaults
#5 39.47 The following NEW packages will be installed:
#5 39.47   iproute2 libbpf1 libcap2-bin libcom-err2 libedit2 libelf1t64
#5 39.47   libgssapi-krb5-2 libjansson4 libk5crypto3 libkeyutils1 libkrb5-3
#5 39.47   libkrb5support0 libmnl0 libnftables1 libnftnl11 libproc2-0 libtirpc-common
#5 39.47   libtirpc3t64 libxtables12 nftables procps
#5 40.04 0 upgraded, 21 newly installed, 0 to remove and 0 not upgraded.
#5 40.04 Need to get 3790 kB of archives.
#5 40.04 After this operation, 12.8 MB of additional disk space will be used.
#5 40.04 Get:1 https://deb.debian.org/debian trixie/main amd64 libelf1t64 amd64 0.192-4 [189 kB]
#5 40.90 Get:2 https://deb.debian.org/debian trixie/main amd64 libbpf1 amd64 1:1.5.0-3 [169 kB]
#5 41.67 Get:3 https://deb.debian.org/debian trixie/main amd64 libmnl0 amd64 1.0.5-3 [11.9 kB]
#5 41.68 Get:4 https://deb.debian.org/debian trixie/main amd64 libkrb5support0 amd64 1.21.3-5+deb13u1 [33.1 kB]
#5 41.73 Get:5 https://deb.debian.org/debian trixie/main amd64 libcom-err2 amd64 1.47.2-3+b11 [25.0 kB]
#5 41.75 Get:6 https://deb.debian.org/debian trixie/main amd64 libk5crypto3 amd64 1.21.3-5+deb13u1 [81.2 kB]
#5 41.82 Get:7 https://deb.debian.org/debian trixie/main amd64 libkeyutils1 amd64 1.6.3-6 [9456 B]
#5 42.02 Get:8 https://deb.debian.org/debian trixie/main amd64 libkrb5-3 amd64 1.21.3-5+deb13u1 [326 kB]
#5 43.92 Get:9 https://deb.debian.org/debian trixie/main amd64 libgssapi-krb5-2 amd64 1.21.3-5+deb13u1 [138 kB]
#5 44.01 Get:10 https://deb.debian.org/debian trixie/main amd64 libtirpc-common all 1.3.6+ds-1 [11.0 kB]
#5 44.02 Get:11 https://deb.debian.org/debian trixie/main amd64 libtirpc3t64 amd64 1.3.6+ds-1 [83.3 kB]
#5 44.27 Get:12 https://deb.debian.org/debian trixie/main amd64 libxtables12 amd64 1.8.11-2 [31.9 kB]
#5 44.31 Get:13 https://deb.debian.org/debian trixie/main amd64 libcap2-bin amd64 1:2.75-10+deb13u1+b1 [36.4 kB]
#5 44.37 Get:14 https://deb.debian.org/debian trixie/main amd64 iproute2 amd64 6.15.0-1 [1089 kB]
#5 45.28 Get:15 https://deb.debian.org/debian trixie/main amd64 libjansson4 amd64 2.14-2+b3 [39.8 kB]
#5 45.32 Get:16 https://deb.debian.org/debian trixie/main amd64 libnftnl11 amd64 1.2.9-1 [65.0 kB]
#5 45.38 Get:17 https://deb.debian.org/debian trixie/main amd64 libnftables1 amd64 1.1.3-1 [332 kB]
#5 45.68 Get:18 https://deb.debian.org/debian trixie/main amd64 libedit2 amd64 3.1-20250104-1 [93.8 kB]
#5 45.76 Get:19 https://deb.debian.org/debian trixie/main amd64 nftables amd64 1.1.3-1 [75.9 kB]
#5 45.84 Get:20 https://deb.debian.org/debian trixie/main amd64 libproc2-0 amd64 2:4.0.4-9 [65.6 kB]
#5 45.90 Get:21 https://deb.debian.org/debian trixie/main amd64 procps amd64 2:4.0.4-9 [882 kB]
#5 46.94 debconf: unable to initialize frontend: Dialog
#5 46.94 debconf: (TERM is not set, so the dialog frontend is not usable.)
#5 46.94 debconf: falling back to frontend: Readline
#5 46.94 debconf: unable to initialize frontend: Readline
#5 46.94 debconf: (Can't locate Term/ReadLine.pm in @INC (you may need to install the Term::ReadLine module) (@INC entries checked: /etc/perl /usr/local/lib/x86_64-linux-gnu/perl/5.40.1 /usr/local/share/perl/5.40.1 /usr/lib/x86_64-linux-gnu/perl5/5.40 /usr/share/perl5 /usr/lib/x86_64-linux-gnu/perl-base /usr/lib/x86_64-linux-gnu/perl/5.40 /usr/share/perl/5.40 /usr/local/lib/site_perl) at /usr/share/perl5/Debconf/FrontEnd/Readline.pm line 8, <STDIN> line 21.)
#5 46.94 debconf: falling back to frontend: Teletype
#5 46.94 debconf: unable to initialize frontend: Teletype
#5 46.94 debconf: (This frontend requires a controlling tty.)
#5 46.94 debconf: falling back to frontend: Noninteractive
#5 47.32 Preconfiguring packages ...
#5 47.35 Fetched 3790 kB in 7s (515 kB/s)
#5 47.37 Selecting previously unselected package libelf1t64:amd64.
#5 47.37 (Reading database ... 
(Reading database ... 5%
(Reading database ... 10%
(Reading database ... 15%
(Reading database ... 20%
(Reading database ... 25%
(Reading database ... 30%
(Reading database ... 35%
(Reading database ... 40%
(Reading database ... 45%
(Reading database ... 50%
(Reading database ... 55%
(Reading database ... 60%
(Reading database ... 65%
(Reading database ... 70%
(Reading database ... 75%
(Reading database ... 80%
(Reading database ... 85%
(Reading database ... 90%
(Reading database ... 95%
(Reading database ... 100%
(Reading database ... 5652 files and directories currently installed.)
#5 47.39 Preparing to unpack .../00-libelf1t64_0.192-4_amd64.deb ...
#5 47.39 Unpacking libelf1t64:amd64 (0.192-4) ...
#5 47.42 Selecting previously unselected package libbpf1:amd64.
#5 47.42 Preparing to unpack .../01-libbpf1_1%3a1.5.0-3_amd64.deb ...
#5 47.42 Unpacking libbpf1:amd64 (1:1.5.0-3) ...
#5 47.44 Selecting previously unselected package libmnl0:amd64.
#5 47.44 Preparing to unpack .../02-libmnl0_1.0.5-3_amd64.deb ...
#5 47.44 Unpacking libmnl0:amd64 (1.0.5-3) ...
#5 47.46 Selecting previously unselected package libkrb5support0:amd64.
#5 47.46 Preparing to unpack .../03-libkrb5support0_1.21.3-5+deb13u1_amd64.deb ...
#5 47.46 Unpacking libkrb5support0:amd64 (1.21.3-5+deb13u1) ...
#5 47.48 Selecting previously unselected package libcom-err2:amd64.
#5 47.48 Preparing to unpack .../04-libcom-err2_1.47.2-3+b11_amd64.deb ...
#5 47.48 Unpacking libcom-err2:amd64 (1.47.2-3+b11) ...
#5 47.50 Selecting previously unselected package libk5crypto3:amd64.
#5 47.50 Preparing to unpack .../05-libk5crypto3_1.21.3-5+deb13u1_amd64.deb ...
#5 47.50 Unpacking libk5crypto3:amd64 (1.21.3-5+deb13u1) ...
#5 47.53 Selecting previously unselected package libkeyutils1:amd64.
#5 47.53 Preparing to unpack .../06-libkeyutils1_1.6.3-6_amd64.deb ...
#5 47.53 Unpacking libkeyutils1:amd64 (1.6.3-6) ...
#5 47.55 Selecting previously unselected package libkrb5-3:amd64.
#5 47.55 Preparing to unpack .../07-libkrb5-3_1.21.3-5+deb13u1_amd64.deb ...
#5 47.55 Unpacking libkrb5-3:amd64 (1.21.3-5+deb13u1) ...
#5 47.58 Selecting previously unselected package libgssapi-krb5-2:amd64.
#5 47.58 Preparing to unpack .../08-libgssapi-krb5-2_1.21.3-5+deb13u1_amd64.deb ...
#5 47.58 Unpacking libgssapi-krb5-2:amd64 (1.21.3-5+deb13u1) ...
#5 47.60 Selecting previously unselected package libtirpc-common.
#5 47.60 Preparing to unpack .../09-libtirpc-common_1.3.6+ds-1_all.deb ...
#5 47.60 Unpacking libtirpc-common (1.3.6+ds-1) ...
#5 47.63 Selecting previously unselected package libtirpc3t64:amd64.
#5 47.63 Preparing to unpack .../10-libtirpc3t64_1.3.6+ds-1_amd64.deb ...
#5 47.63 Adding 'diversion of /lib/x86_64-linux-gnu/libtirpc.so.3 to /lib/x86_64-linux-gnu/libtirpc.so.3.usr-is-merged by libtirpc3t64'
#5 47.64 Adding 'diversion of /lib/x86_64-linux-gnu/libtirpc.so.3.0.0 to /lib/x86_64-linux-gnu/libtirpc.so.3.0.0.usr-is-merged by libtirpc3t64'
#5 47.64 Unpacking libtirpc3t64:amd64 (1.3.6+ds-1) ...
#5 47.66 Selecting previously unselected package libxtables12:amd64.
#5 47.66 Preparing to unpack .../11-libxtables12_1.8.11-2_amd64.deb ...
#5 47.66 Unpacking libxtables12:amd64 (1.8.11-2) ...
#5 47.68 Selecting previously unselected package libcap2-bin.
#5 47.68 Preparing to unpack .../12-libcap2-bin_1%3a2.75-10+deb13u1+b1_amd64.deb ...
#5 47.68 Unpacking libcap2-bin (1:2.75-10+deb13u1+b1) ...
#5 47.70 Selecting previously unselected package iproute2.
#5 47.70 Preparing to unpack .../13-iproute2_6.15.0-1_amd64.deb ...
#5 47.73 Unpacking iproute2 (6.15.0-1) ...
#5 47.79 Selecting previously unselected package libjansson4:amd64.
#5 47.79 Preparing to unpack .../14-libjansson4_2.14-2+b3_amd64.deb ...
#5 47.79 Unpacking libjansson4:amd64 (2.14-2+b3) ...
#5 47.81 Selecting previously unselected package libnftnl11:amd64.
#5 47.81 Preparing to unpack .../15-libnftnl11_1.2.9-1_amd64.deb ...
#5 47.81 Unpacking libnftnl11:amd64 (1.2.9-1) ...
#5 47.83 Selecting previously unselected package libnftables1:amd64.
#5 47.84 Preparing to unpack .../16-libnftables1_1.1.3-1_amd64.deb ...
#5 47.84 Unpacking libnftables1:amd64 (1.1.3-1) ...
#5 47.86 Selecting previously unselected package libedit2:amd64.
#5 47.86 Preparing to unpack .../17-libedit2_3.1-20250104-1_amd64.deb ...
#5 47.87 Unpacking libedit2:amd64 (3.1-20250104-1) ...
#5 47.89 Selecting previously unselected package nftables.
#5 47.89 Preparing to unpack .../18-nftables_1.1.3-1_amd64.deb ...
#5 47.89 Unpacking nftables (1.1.3-1) ...
#5 47.91 Selecting previously unselected package libproc2-0:amd64.
#5 47.91 Preparing to unpack .../19-libproc2-0_2%3a4.0.4-9_amd64.deb ...
#5 47.92 Unpacking libproc2-0:amd64 (2:4.0.4-9) ...
#5 47.94 Selecting previously unselected package procps.
#5 47.94 Preparing to unpack .../20-procps_2%3a4.0.4-9_amd64.deb ...
#5 47.94 Unpacking procps (2:4.0.4-9) ...
#5 47.99 Setting up libkeyutils1:amd64 (1.6.3-6) ...
#5 48.00 Setting up libtirpc-common (1.3.6+ds-1) ...
#5 48.00 Setting up libedit2:amd64 (3.1-20250104-1) ...
#5 48.01 Setting up libcom-err2:amd64 (1.47.2-3+b11) ...
#5 48.01 Setting up libelf1t64:amd64 (0.192-4) ...
#5 48.02 Setting up libjansson4:amd64 (2.14-2+b3) ...
#5 48.02 Setting up libkrb5support0:amd64 (1.21.3-5+deb13u1) ...
#5 48.03 Setting up libcap2-bin (1:2.75-10+deb13u1+b1) ...
#5 48.03 Setting up libproc2-0:amd64 (2:4.0.4-9) ...
#5 48.04 Setting up libmnl0:amd64 (1.0.5-3) ...
#5 48.04 Setting up libk5crypto3:amd64 (1.21.3-5+deb13u1) ...
#5 48.05 Setting up libxtables12:amd64 (1.8.11-2) ...
#5 48.05 Setting up procps (2:4.0.4-9) ...
#5 48.07 Setting up libkrb5-3:amd64 (1.21.3-5+deb13u1) ...
#5 48.08 Setting up libbpf1:amd64 (1:1.5.0-3) ...
#5 48.08 Setting up libnftnl11:amd64 (1.2.9-1) ...
#5 48.09 Setting up libgssapi-krb5-2:amd64 (1.21.3-5+deb13u1) ...
#5 48.10 Setting up libnftables1:amd64 (1.1.3-1) ...
#5 48.10 Setting up nftables (1.1.3-1) ...
#5 48.16 Setting up libtirpc3t64:amd64 (1.3.6+ds-1) ...
#5 48.17 Setting up iproute2 (6.15.0-1) ...
#5 48.21 debconf: unable to initialize frontend: Dialog
#5 48.21 debconf: (TERM is not set, so the dialog frontend is not usable.)
#5 48.21 debconf: falling back to frontend: Readline
#5 48.21 debconf: unable to initialize frontend: Readline
#5 48.21 debconf: (Can't locate Term/ReadLine.pm in @INC (you may need to install the Term::ReadLine module) (@INC entries checked: /etc/perl /usr/local/lib/x86_64-linux-gnu/perl/5.40.1 /usr/local/share/perl/5.40.1 /usr/lib/x86_64-linux-gnu/perl5/5.40 /usr/share/perl5 /usr/lib/x86_64-linux-gnu/perl-base /usr/lib/x86_64-linux-gnu/perl/5.40 /usr/share/perl/5.40 /usr/local/lib/site_perl) at /usr/share/perl5/Debconf/FrontEnd/Readline.pm line 8.)
#5 48.21 debconf: falling back to frontend: Teletype
#5 48.22 debconf: unable to initialize frontend: Teletype
#5 48.22 debconf: (This frontend requires a controlling tty.)
#5 48.22 debconf: falling back to frontend: Noninteractive
#5 48.26 Processing triggers for libc-bin (2.41-12+deb13u3) ...
#5 DONE 48.3s

#6 exporting to image
#6 exporting layers
#6 exporting layers 0.3s done
#6 exporting manifest sha256:3d4f307fa5b743627a609adc338bbf9d29178fa71ad07edf739dec523f7b90de done
#6 exporting config sha256:feeb8e1f01339be36ddd306ce1e09a93e1037a34d06d1bd61d8c31e97f59aec8 done
#6 exporting attestation manifest sha256:cb3ce865c5d90074ecb53d0d2b8c679c639208e4a01b3ea6bc50e442eddc95d7 done
#6 exporting manifest list sha256:b9c42753523a659a8e422ee1f8b3e6b4f5d7a60fa001b62ab95d5a9c7526c4c1 done
#6 naming to docker.io/library/lantern-qa-network-test:c3 done
#6 unpacking to docker.io/library/lantern-qa-network-test:c3 0.1s done
#6 DONE 0.4s
