#0 building with "desktop-linux" instance using docker driver

#1 [internal] load build definition from Dockerfile
#1 transferring dockerfile: 2.41kB 0.0s done
#1 DONE 0.0s

#2 [internal] load metadata for docker.io/library/python:3.12-slim@sha256:2fe5997d249a808b8eeea52c58a1dbffbba28754dc11699ef5c029f2d818ce79
#2 ...

#3 [auth] library/python:pull token for registry-1.docker.io
#3 DONE 0.0s

#2 [internal] load metadata for docker.io/library/python:3.12-slim@sha256:2fe5997d249a808b8eeea52c58a1dbffbba28754dc11699ef5c029f2d818ce79
#2 DONE 3.4s

#4 [internal] load .dockerignore
#4 transferring context: 286B done
#4 DONE 0.0s

#5 [zlib-builder 1/4] FROM docker.io/library/python:3.12-slim@sha256:2fe5997d249a808b8eeea52c58a1dbffbba28754dc11699ef5c029f2d818ce79
#5 resolve docker.io/library/python:3.12-slim@sha256:2fe5997d249a808b8eeea52c58a1dbffbba28754dc11699ef5c029f2d818ce79 done
#5 CACHED

#6 [internal] load build context
#6 transferring context: 31.46kB done
#6 DONE 0.0s

#7 [zlib-builder 2/4] RUN apt-get update && apt-get install -y --no-install-recommends gcc make libc6-dev binutils
#7 20.29 Ign:1 http://deb.debian.org/debian trixie InRelease
#7 32.02 Get:2 http://deb.debian.org/debian trixie-updates InRelease [47.3 kB]
#7 32.64 Get:3 http://deb.debian.org/debian-security trixie-security InRelease [43.4 kB]
#7 32.95 Hit:1 http://deb.debian.org/debian trixie InRelease
#7 33.10 Get:4 http://deb.debian.org/debian trixie-updates/main amd64 Packages [4412 B]
#7 33.12 Get:5 http://deb.debian.org/debian-security trixie-security/main amd64 Packages [257 kB]
#7 33.54 Get:6 http://deb.debian.org/debian trixie/main amd64 Packages [9673 kB]
#7 46.87 Fetched 10.0 MB in 47s (215 kB/s)
#7 46.87 Reading package lists...
#7 47.26 Reading package lists...
#7 47.65 Building dependency tree...
#7 47.74 Reading state information...
#7 47.86 The following additional packages will be installed:
#7 47.86   binutils-common binutils-x86-64-linux-gnu cpp cpp-14 cpp-14-x86-64-linux-gnu
#7 47.86   cpp-x86-64-linux-gnu gcc-14 gcc-14-x86-64-linux-gnu gcc-x86-64-linux-gnu
#7 47.86   libasan8 libatomic1 libbinutils libc-dev-bin libcc1-0 libcrypt-dev
#7 47.86   libctf-nobfd0 libctf0 libgcc-14-dev libgomp1 libgprofng0 libhwasan0 libisl23
#7 47.86   libitm1 libjansson4 liblsan0 libmpc3 libmpfr6 libquadmath0 libsframe1
#7 47.86   libtsan2 libubsan1 linux-libc-dev rpcsvc-proto
#7 47.87 Suggested packages:
#7 47.87   binutils-doc gprofng-gui binutils-gold cpp-doc gcc-14-locales cpp-14-doc
#7 47.87   gcc-multilib manpages-dev autoconf automake libtool flex bison gdb gcc-doc
#7 47.87   gcc-14-multilib gcc-14-doc gdb-x86-64-linux-gnu libc-devtools glibc-doc
#7 47.87   make-doc
#7 47.87 Recommended packages:
#7 47.87   manpages manpages-dev
#7 47.94 The following NEW packages will be installed:
#7 47.94   binutils binutils-common binutils-x86-64-linux-gnu cpp cpp-14
#7 47.94   cpp-14-x86-64-linux-gnu cpp-x86-64-linux-gnu gcc gcc-14
#7 47.94   gcc-14-x86-64-linux-gnu gcc-x86-64-linux-gnu libasan8 libatomic1 libbinutils
#7 47.94   libc-dev-bin libc6-dev libcc1-0 libcrypt-dev libctf-nobfd0 libctf0
#7 47.94   libgcc-14-dev libgomp1 libgprofng0 libhwasan0 libisl23 libitm1 libjansson4
#7 47.94   liblsan0 libmpc3 libmpfr6 libquadmath0 libsframe1 libtsan2 libubsan1
#7 47.94   linux-libc-dev make rpcsvc-proto
#7 48.37 0 upgraded, 37 newly installed, 0 to remove and 0 not upgraded.
#7 48.37 Need to get 57.5 MB of archives.
#7 48.37 After this operation, 219 MB of additional disk space will be used.
#7 48.37 Get:1 http://deb.debian.org/debian trixie/main amd64 libsframe1 amd64 2.44-3 [78.4 kB]
#7 49.35 Get:2 http://deb.debian.org/debian trixie/main amd64 binutils-common amd64 2.44-3 [2509 kB]
#7 55.84 Get:3 http://deb.debian.org/debian trixie/main amd64 libbinutils amd64 2.44-3 [534 kB]
#7 56.47 Get:4 http://deb.debian.org/debian trixie/main amd64 libgprofng0 amd64 2.44-3 [808 kB]
#7 57.41 Get:5 http://deb.debian.org/debian trixie/main amd64 libctf-nobfd0 amd64 2.44-3 [156 kB]
#7 57.69 Get:6 http://deb.debian.org/debian trixie/main amd64 libctf0 amd64 2.44-3 [88.6 kB]
#7 57.75 Get:7 http://deb.debian.org/debian trixie/main amd64 libjansson4 amd64 2.14-2+b3 [39.8 kB]
#7 57.78 Get:8 http://deb.debian.org/debian trixie/main amd64 binutils-x86-64-linux-gnu amd64 2.44-3 [1014 kB]
#7 59.54 Get:9 http://deb.debian.org/debian trixie/main amd64 binutils amd64 2.44-3 [265 kB]
#7 59.85 Get:10 http://deb.debian.org/debian trixie/main amd64 libisl23 amd64 0.27-1 [659 kB]
#7 60.39 Get:11 http://deb.debian.org/debian trixie/main amd64 libmpfr6 amd64 4.2.2-1 [729 kB]
#7 64.02 Get:12 http://deb.debian.org/debian trixie/main amd64 libmpc3 amd64 1.3.1-1+b3 [52.2 kB]
#7 64.02 Get:13 http://deb.debian.org/debian trixie/main amd64 cpp-14-x86-64-linux-gnu amd64 14.2.0-19 [11.0 MB]
#7 81.88 Get:14 http://deb.debian.org/debian trixie/main amd64 cpp-14 amd64 14.2.0-19 [1280 B]
#7 81.88 Get:15 http://deb.debian.org/debian trixie/main amd64 cpp-x86-64-linux-gnu amd64 4:14.2.0-1 [4840 B]
#7 81.88 Get:16 http://deb.debian.org/debian trixie/main amd64 cpp amd64 4:14.2.0-1 [1568 B]
#7 81.89 Get:17 http://deb.debian.org/debian trixie/main amd64 libcc1-0 amd64 14.2.0-19 [42.8 kB]
#7 82.06 Get:18 http://deb.debian.org/debian trixie/main amd64 libgomp1 amd64 14.2.0-19 [137 kB]
#7 82.10 Get:19 http://deb.debian.org/debian trixie/main amd64 libitm1 amd64 14.2.0-19 [26.0 kB]
#7 82.10 Get:20 http://deb.debian.org/debian trixie/main amd64 libatomic1 amd64 14.2.0-19 [9308 B]
#7 82.10 Get:21 http://deb.debian.org/debian trixie/main amd64 libasan8 amd64 14.2.0-19 [2725 kB]
#7 84.88 Get:22 http://deb.debian.org/debian trixie/main amd64 liblsan0 amd64 14.2.0-19 [1204 kB]
#7 86.04 Get:23 http://deb.debian.org/debian trixie/main amd64 libtsan2 amd64 14.2.0-19 [2460 kB]
#7 89.25 Get:24 http://deb.debian.org/debian trixie/main amd64 libubsan1 amd64 14.2.0-19 [1074 kB]
#7 90.38 Get:25 http://deb.debian.org/debian trixie/main amd64 libhwasan0 amd64 14.2.0-19 [1488 kB]
#7 92.44 Get:26 http://deb.debian.org/debian trixie/main amd64 libquadmath0 amd64 14.2.0-19 [145 kB]
#7 92.72 Get:27 http://deb.debian.org/debian trixie/main amd64 libgcc-14-dev amd64 14.2.0-19 [2672 kB]
#7 95.53 Get:28 http://deb.debian.org/debian trixie/main amd64 gcc-14-x86-64-linux-gnu amd64 14.2.0-19 [21.4 MB]
#7 119.4 Get:29 http://deb.debian.org/debian trixie/main amd64 gcc-14 amd64 14.2.0-19 [540 kB]
#7 120.2 Get:30 http://deb.debian.org/debian trixie/main amd64 gcc-x86-64-linux-gnu amd64 4:14.2.0-1 [1436 B]
#7 120.2 Get:31 http://deb.debian.org/debian trixie/main amd64 gcc amd64 4:14.2.0-1 [5136 B]
#7 120.2 Get:32 http://deb.debian.org/debian trixie/main amd64 libc-dev-bin amd64 2.41-12+deb13u3 [59.8 kB]
#7 120.2 Get:33 http://deb.debian.org/debian-security trixie-security/main amd64 linux-libc-dev all 6.12.107-1 [2919 kB]
#7 128.5 Get:34 http://deb.debian.org/debian trixie/main amd64 libcrypt-dev amd64 1:4.4.38-1 [119 kB]
#7 128.9 Get:35 http://deb.debian.org/debian trixie/main amd64 rpcsvc-proto amd64 1.4.3-1 [63.3 kB]
#7 128.9 Get:36 http://deb.debian.org/debian trixie/main amd64 libc6-dev amd64 2.41-12+deb13u3 [1992 kB]
#7 133.1 Get:37 http://deb.debian.org/debian trixie/main amd64 make amd64 4.4.1-2 [463 kB]
#7 133.9 debconf: unable to initialize frontend: Dialog
#7 133.9 debconf: (TERM is not set, so the dialog frontend is not usable.)
#7 133.9 debconf: falling back to frontend: Readline
#7 133.9 debconf: unable to initialize frontend: Readline
#7 133.9 debconf: (Can't locate Term/ReadLine.pm in @INC (you may need to install the Term::ReadLine module) (@INC entries checked: /etc/perl /usr/local/lib/x86_64-linux-gnu/perl/5.40.1 /usr/local/share/perl/5.40.1 /usr/lib/x86_64-linux-gnu/perl5/5.40 /usr/share/perl5 /usr/lib/x86_64-linux-gnu/perl-base /usr/lib/x86_64-linux-gnu/perl/5.40 /usr/share/perl/5.40 /usr/local/lib/site_perl) at /usr/share/perl5/Debconf/FrontEnd/Readline.pm line 8, <STDIN> line 37.)
#7 133.9 debconf: falling back to frontend: Teletype
#7 133.9 debconf: unable to initialize frontend: Teletype
#7 133.9 debconf: (This frontend requires a controlling tty.)
#7 133.9 debconf: falling back to frontend: Noninteractive
#7 134.6 Fetched 57.5 MB in 1min 26s (670 kB/s)
#7 134.7 Selecting previously unselected package libsframe1:amd64.
#7 134.7 (Reading database ... 
(Reading database ... 5%
(Reading database ... 10%
(Reading database ... 15%
(Reading database ... 20%
(Reading database ... 25%
(Reading database ... 30%
(Reading database ... 35%
(Reading database ... 40%
(Reading database ... 45%
(Reading database ... 50%
(Reading database ... 55%
(Reading database ... 60%
(Reading database ... 65%
(Reading database ... 70%
(Reading database ... 75%
(Reading database ... 80%
(Reading database ... 85%
(Reading database ... 90%
(Reading database ... 95%
(Reading database ... 100%
(Reading database ... 5652 files and directories currently installed.)
#7 134.7 Preparing to unpack .../00-libsframe1_2.44-3_amd64.deb ...
#7 134.7 Unpacking libsframe1:amd64 (2.44-3) ...
#7 134.7 Selecting previously unselected package binutils-common:amd64.
#7 134.7 Preparing to unpack .../01-binutils-common_2.44-3_amd64.deb ...
#7 134.7 Unpacking binutils-common:amd64 (2.44-3) ...
#7 134.8 Selecting previously unselected package libbinutils:amd64.
#7 134.8 Preparing to unpack .../02-libbinutils_2.44-3_amd64.deb ...
#7 134.8 Unpacking libbinutils:amd64 (2.44-3) ...
#7 134.8 Selecting previously unselected package libgprofng0:amd64.
#7 134.8 Preparing to unpack .../03-libgprofng0_2.44-3_amd64.deb ...
#7 134.8 Unpacking libgprofng0:amd64 (2.44-3) ...
#7 134.9 Selecting previously unselected package libctf-nobfd0:amd64.
#7 134.9 Preparing to unpack .../04-libctf-nobfd0_2.44-3_amd64.deb ...
#7 134.9 Unpacking libctf-nobfd0:amd64 (2.44-3) ...
#7 134.9 Selecting previously unselected package libctf0:amd64.
#7 134.9 Preparing to unpack .../05-libctf0_2.44-3_amd64.deb ...
#7 134.9 Unpacking libctf0:amd64 (2.44-3) ...
#7 134.9 Selecting previously unselected package libjansson4:amd64.
#7 134.9 Preparing to unpack .../06-libjansson4_2.14-2+b3_amd64.deb ...
#7 134.9 Unpacking libjansson4:amd64 (2.14-2+b3) ...
#7 134.9 Selecting previously unselected package binutils-x86-64-linux-gnu.
#7 134.9 Preparing to unpack .../07-binutils-x86-64-linux-gnu_2.44-3_amd64.deb ...
#7 134.9 Unpacking binutils-x86-64-linux-gnu (2.44-3) ...
#7 135.0 Selecting previously unselected package binutils.
#7 135.0 Preparing to unpack .../08-binutils_2.44-3_amd64.deb ...
#7 135.0 Unpacking binutils (2.44-3) ...
#7 135.0 Selecting previously unselected package libisl23:amd64.
#7 135.0 Preparing to unpack .../09-libisl23_0.27-1_amd64.deb ...
#7 135.0 Unpacking libisl23:amd64 (0.27-1) ...
#7 135.0 Selecting previously unselected package libmpfr6:amd64.
#7 135.0 Preparing to unpack .../10-libmpfr6_4.2.2-1_amd64.deb ...
#7 135.0 Unpacking libmpfr6:amd64 (4.2.2-1) ...
#7 135.1 Selecting previously unselected package libmpc3:amd64.
#7 135.1 Preparing to unpack .../11-libmpc3_1.3.1-1+b3_amd64.deb ...
#7 135.1 Unpacking libmpc3:amd64 (1.3.1-1+b3) ...
#7 135.1 Selecting previously unselected package cpp-14-x86-64-linux-gnu.
#7 135.1 Preparing to unpack .../12-cpp-14-x86-64-linux-gnu_14.2.0-19_amd64.deb ...
#7 135.1 Unpacking cpp-14-x86-64-linux-gnu (14.2.0-19) ...
#7 135.4 Selecting previously unselected package cpp-14.
#7 135.4 Preparing to unpack .../13-cpp-14_14.2.0-19_amd64.deb ...
#7 135.4 Unpacking cpp-14 (14.2.0-19) ...
#7 135.4 Selecting previously unselected package cpp-x86-64-linux-gnu.
#7 135.4 Preparing to unpack .../14-cpp-x86-64-linux-gnu_4%3a14.2.0-1_amd64.deb ...
#7 135.4 Unpacking cpp-x86-64-linux-gnu (4:14.2.0-1) ...
#7 135.4 Selecting previously unselected package cpp.
#7 135.4 Preparing to unpack .../15-cpp_4%3a14.2.0-1_amd64.deb ...
#7 135.4 Unpacking cpp (4:14.2.0-1) ...
#7 135.4 Selecting previously unselected package libcc1-0:amd64.
#7 135.4 Preparing to unpack .../16-libcc1-0_14.2.0-19_amd64.deb ...
#7 135.4 Unpacking libcc1-0:amd64 (14.2.0-19) ...
#7 135.4 Selecting previously unselected package libgomp1:amd64.
#7 135.4 Preparing to unpack .../17-libgomp1_14.2.0-19_amd64.deb ...
#7 135.4 Unpacking libgomp1:amd64 (14.2.0-19) ...
#7 135.4 Selecting previously unselected package libitm1:amd64.
#7 135.4 Preparing to unpack .../18-libitm1_14.2.0-19_amd64.deb ...
#7 135.4 Unpacking libitm1:amd64 (14.2.0-19) ...
#7 135.5 Selecting previously unselected package libatomic1:amd64.
#7 135.5 Preparing to unpack .../19-libatomic1_14.2.0-19_amd64.deb ...
#7 135.5 Unpacking libatomic1:amd64 (14.2.0-19) ...
#7 135.5 Selecting previously unselected package libasan8:amd64.
#7 135.5 Preparing to unpack .../20-libasan8_14.2.0-19_amd64.deb ...
#7 135.5 Unpacking libasan8:amd64 (14.2.0-19) ...
#7 135.6 Selecting previously unselected package liblsan0:amd64.
#7 135.6 Preparing to unpack .../21-liblsan0_14.2.0-19_amd64.deb ...
#7 135.6 Unpacking liblsan0:amd64 (14.2.0-19) ...
#7 135.6 Selecting previously unselected package libtsan2:amd64.
#7 135.6 Preparing to unpack .../22-libtsan2_14.2.0-19_amd64.deb ...
#7 135.6 Unpacking libtsan2:amd64 (14.2.0-19) ...
#7 135.7 Selecting previously unselected package libubsan1:amd64.
#7 135.7 Preparing to unpack .../23-libubsan1_14.2.0-19_amd64.deb ...
#7 135.7 Unpacking libubsan1:amd64 (14.2.0-19) ...
#7 135.8 Selecting previously unselected package libhwasan0:amd64.
#7 135.8 Preparing to unpack .../24-libhwasan0_14.2.0-19_amd64.deb ...
#7 135.8 Unpacking libhwasan0:amd64 (14.2.0-19) ...
#7 135.8 Selecting previously unselected package libquadmath0:amd64.
#7 135.8 Preparing to unpack .../25-libquadmath0_14.2.0-19_amd64.deb ...
#7 135.8 Unpacking libquadmath0:amd64 (14.2.0-19) ...
#7 135.9 Selecting previously unselected package libgcc-14-dev:amd64.
#7 135.9 Preparing to unpack .../26-libgcc-14-dev_14.2.0-19_amd64.deb ...
#7 135.9 Unpacking libgcc-14-dev:amd64 (14.2.0-19) ...
#7 135.9 Selecting previously unselected package gcc-14-x86-64-linux-gnu.
#7 135.9 Preparing to unpack .../27-gcc-14-x86-64-linux-gnu_14.2.0-19_amd64.deb ...
#7 135.9 Unpacking gcc-14-x86-64-linux-gnu (14.2.0-19) ...
#7 136.3 Selecting previously unselected package gcc-14.
#7 136.3 Preparing to unpack .../28-gcc-14_14.2.0-19_amd64.deb ...
#7 136.3 Unpacking gcc-14 (14.2.0-19) ...
#7 136.3 Selecting previously unselected package gcc-x86-64-linux-gnu.
#7 136.3 Preparing to unpack .../29-gcc-x86-64-linux-gnu_4%3a14.2.0-1_amd64.deb ...
#7 136.3 Unpacking gcc-x86-64-linux-gnu (4:14.2.0-1) ...
#7 136.3 Selecting previously unselected package gcc.
#7 136.3 Preparing to unpack .../30-gcc_4%3a14.2.0-1_amd64.deb ...
#7 136.3 Unpacking gcc (4:14.2.0-1) ...
#7 136.3 Selecting previously unselected package libc-dev-bin.
#7 136.3 Preparing to unpack .../31-libc-dev-bin_2.41-12+deb13u3_amd64.deb ...
#7 136.3 Unpacking libc-dev-bin (2.41-12+deb13u3) ...
#7 136.4 Selecting previously unselected package linux-libc-dev.
#7 136.4 Preparing to unpack .../32-linux-libc-dev_6.12.107-1_all.deb ...
#7 136.4 Unpacking linux-libc-dev (6.12.107-1) ...
#7 136.5 Selecting previously unselected package libcrypt-dev:amd64.
#7 136.5 Preparing to unpack .../33-libcrypt-dev_1%3a4.4.38-1_amd64.deb ...
#7 136.5 Unpacking libcrypt-dev:amd64 (1:4.4.38-1) ...
#7 136.5 Selecting previously unselected package rpcsvc-proto.
#7 136.5 Preparing to unpack .../34-rpcsvc-proto_1.4.3-1_amd64.deb ...
#7 136.5 Unpacking rpcsvc-proto (1.4.3-1) ...
#7 136.5 Selecting previously unselected package libc6-dev:amd64.
#7 136.5 Preparing to unpack .../35-libc6-dev_2.41-12+deb13u3_amd64.deb ...
#7 136.5 Unpacking libc6-dev:amd64 (2.41-12+deb13u3) ...
#7 136.6 Selecting previously unselected package make.
#7 136.6 Preparing to unpack .../36-make_4.4.1-2_amd64.deb ...
#7 136.6 Unpacking make (4.4.1-2) ...
#7 136.6 Setting up binutils-common:amd64 (2.44-3) ...
#7 136.6 Setting up linux-libc-dev (6.12.107-1) ...
#7 136.6 Setting up libctf-nobfd0:amd64 (2.44-3) ...
#7 136.6 Setting up libgomp1:amd64 (14.2.0-19) ...
#7 136.7 Setting up libsframe1:amd64 (2.44-3) ...
#7 136.7 Setting up libjansson4:amd64 (2.14-2+b3) ...
#7 136.7 Setting up rpcsvc-proto (1.4.3-1) ...
#7 136.7 Setting up make (4.4.1-2) ...
#7 136.7 Setting up libmpfr6:amd64 (4.2.2-1) ...
#7 136.7 Setting up libquadmath0:amd64 (14.2.0-19) ...
#7 136.7 Setting up libmpc3:amd64 (1.3.1-1+b3) ...
#7 136.7 Setting up libatomic1:amd64 (14.2.0-19) ...
#7 136.7 Setting up libubsan1:amd64 (14.2.0-19) ...
#7 136.7 Setting up libhwasan0:amd64 (14.2.0-19) ...
#7 136.7 Setting up libcrypt-dev:amd64 (1:4.4.38-1) ...
#7 136.7 Setting up libasan8:amd64 (14.2.0-19) ...
#7 136.7 Setting up libtsan2:amd64 (14.2.0-19) ...
#7 136.7 Setting up libbinutils:amd64 (2.44-3) ...
#7 136.7 Setting up libisl23:amd64 (0.27-1) ...
#7 136.7 Setting up libc-dev-bin (2.41-12+deb13u3) ...
#7 136.7 Setting up libcc1-0:amd64 (14.2.0-19) ...
#7 136.7 Setting up liblsan0:amd64 (14.2.0-19) ...
#7 136.8 Setting up libitm1:amd64 (14.2.0-19) ...
#7 136.8 Setting up libctf0:amd64 (2.44-3) ...
#7 136.8 Setting up libgprofng0:amd64 (2.44-3) ...
#7 136.8 Setting up cpp-14-x86-64-linux-gnu (14.2.0-19) ...
#7 136.8 Setting up cpp-14 (14.2.0-19) ...
#7 136.8 Setting up libc6-dev:amd64 (2.41-12+deb13u3) ...
#7 136.8 Setting up libgcc-14-dev:amd64 (14.2.0-19) ...
#7 136.8 Setting up binutils-x86-64-linux-gnu (2.44-3) ...
#7 136.8 Setting up cpp-x86-64-linux-gnu (4:14.2.0-1) ...
#7 136.8 Setting up binutils (2.44-3) ...
#7 136.8 Setting up cpp (4:14.2.0-1) ...
#7 136.8 Setting up gcc-14-x86-64-linux-gnu (14.2.0-19) ...
#7 136.8 Setting up gcc-x86-64-linux-gnu (4:14.2.0-1) ...
#7 136.8 Setting up gcc-14 (14.2.0-19) ...
#7 136.8 Setting up gcc (4:14.2.0-1) ...
#7 136.9 Processing triggers for libc-bin (2.41-12+deb13u3) ...
#7 DONE 137.0s

#8 [zlib-builder 3/4] COPY infra/qa-gateway/build_zlib.py infra/qa-gateway/test_zlib.py /build/
#8 DONE 0.0s

#9 [zlib-builder 4/4] RUN python3.12 /build/test_zlib.py /usr/lib/x86_64-linux-gnu/libz.so.1.3.1 --baseline     && python3.12 /build/build_zlib.py
#9 0.324 {"ordinary_gzip_roundtrip": true, "terminal_write_error": false, "baseline_reset_observed": true, "passed": true}
#9 2.854 Checking for gcc...
#9 2.887 Checking for shared library support...
#9 2.910 Building shared library libz.so.1.3.1 with gcc.
#9 2.924 Checking for size_t... Yes.
#9 2.934 Checking for off64_t... Yes.
#9 2.935 Checking for fseeko... Yes.
#9 2.960 Checking for strerror... Yes.
#9 2.977 Checking for unistd.h... Yes.
#9 2.989 Checking for stdarg.h... Yes.
#9 3.005 Checking whether to use vs[n]printf() or s[n]printf()... using vs[n]printf().
#9 3.032 Checking for vsnprintf() in stdio.h... Yes.
#9 3.050 Checking for return value of vsnprintf()... Yes.
#9 3.061 Checking for attribute(visibility) support... Yes.
#9 3.068 gcc -O2 -fPIC -fstack-protector-strong -D_FORTIFY_SOURCE=2 -D_LARGEFILE64_SOURCE=1 -DHAVE_HIDDEN -I. -c -o example.o test/example.c
#9 3.068 gcc -O2 -fPIC -fstack-protector-strong -D_FORTIFY_SOURCE=2 -D_LARGEFILE64_SOURCE=1 -DHAVE_HIDDEN  -c -o adler32.o adler32.c
#9 3.111 gcc -O2 -fPIC -fstack-protector-strong -D_FORTIFY_SOURCE=2 -D_LARGEFILE64_SOURCE=1 -DHAVE_HIDDEN  -c -o crc32.o crc32.c
#9 3.136 gcc -O2 -fPIC -fstack-protector-strong -D_FORTIFY_SOURCE=2 -D_LARGEFILE64_SOURCE=1 -DHAVE_HIDDEN  -c -o deflate.o deflate.c
#9 3.171 gcc -O2 -fPIC -fstack-protector-strong -D_FORTIFY_SOURCE=2 -D_LARGEFILE64_SOURCE=1 -DHAVE_HIDDEN  -c -o infback.o infback.c
#9 3.288 gcc -O2 -fPIC -fstack-protector-strong -D_FORTIFY_SOURCE=2 -D_LARGEFILE64_SOURCE=1 -DHAVE_HIDDEN  -c -o inffast.o inffast.c
#9 3.338 gcc -O2 -fPIC -fstack-protector-strong -D_FORTIFY_SOURCE=2 -D_LARGEFILE64_SOURCE=1 -DHAVE_HIDDEN  -c -o inflate.o inflate.c
#9 3.402 gcc -O2 -fPIC -fstack-protector-strong -D_FORTIFY_SOURCE=2 -D_LARGEFILE64_SOURCE=1 -DHAVE_HIDDEN  -c -o inftrees.o inftrees.c
#9 3.454 gcc -O2 -fPIC -fstack-protector-strong -D_FORTIFY_SOURCE=2 -D_LARGEFILE64_SOURCE=1 -DHAVE_HIDDEN  -c -o trees.o trees.c
#9 3.585 gcc -O2 -fPIC -fstack-protector-strong -D_FORTIFY_SOURCE=2 -D_LARGEFILE64_SOURCE=1 -DHAVE_HIDDEN  -c -o zutil.o zutil.c
#9 3.613 gcc -O2 -fPIC -fstack-protector-strong -D_FORTIFY_SOURCE=2 -D_LARGEFILE64_SOURCE=1 -DHAVE_HIDDEN  -c -o compress.o compress.c
#9 3.616 gcc -O2 -fPIC -fstack-protector-strong -D_FORTIFY_SOURCE=2 -D_LARGEFILE64_SOURCE=1 -DHAVE_HIDDEN  -c -o uncompr.o uncompr.c
#9 3.633 gcc -O2 -fPIC -fstack-protector-strong -D_FORTIFY_SOURCE=2 -D_LARGEFILE64_SOURCE=1 -DHAVE_HIDDEN  -c -o gzclose.o gzclose.c
#9 3.640 gcc -O2 -fPIC -fstack-protector-strong -D_FORTIFY_SOURCE=2 -D_LARGEFILE64_SOURCE=1 -DHAVE_HIDDEN  -c -o gzlib.o gzlib.c
#9 3.652 gcc -O2 -fPIC -fstack-protector-strong -D_FORTIFY_SOURCE=2 -D_LARGEFILE64_SOURCE=1 -DHAVE_HIDDEN  -c -o gzread.o gzread.c
#9 3.702 gcc -O2 -fPIC -fstack-protector-strong -D_FORTIFY_SOURCE=2 -D_LARGEFILE64_SOURCE=1 -DHAVE_HIDDEN  -c -o gzwrite.o gzwrite.c
#9 3.732 gcc -O2 -fPIC -fstack-protector-strong -D_FORTIFY_SOURCE=2 -D_LARGEFILE64_SOURCE=1 -DHAVE_HIDDEN -I. -c -o minigzip.o test/minigzip.c
#9 3.773 gcc -O2 -fPIC -fstack-protector-strong -D_FORTIFY_SOURCE=2 -fPIC -D_LARGEFILE64_SOURCE=1 -DHAVE_HIDDEN  -DPIC -c -o objs/adler32.o adler32.c
#9 3.782 gcc -O2 -fPIC -fstack-protector-strong -D_FORTIFY_SOURCE=2 -fPIC -D_LARGEFILE64_SOURCE=1 -DHAVE_HIDDEN  -DPIC -c -o objs/crc32.o crc32.c
#9 3.815 gcc -O2 -fPIC -fstack-protector-strong -D_FORTIFY_SOURCE=2 -fPIC -D_LARGEFILE64_SOURCE=1 -DHAVE_HIDDEN  -DPIC -c -o objs/deflate.o deflate.c
#9 3.844 gcc -O2 -fPIC -fstack-protector-strong -D_FORTIFY_SOURCE=2 -fPIC -D_LARGEFILE64_SOURCE=1 -DHAVE_HIDDEN  -DPIC -c -o objs/infback.o infback.c
#9 3.954 gcc -O2 -fPIC -fstack-protector-strong -D_FORTIFY_SOURCE=2 -fPIC -D_LARGEFILE64_SOURCE=1 -DHAVE_HIDDEN  -DPIC -c -o objs/inffast.o inffast.c
#9 4.006 gcc -O2 -fPIC -fstack-protector-strong -D_FORTIFY_SOURCE=2 -fPIC -D_LARGEFILE64_SOURCE=1 -DHAVE_HIDDEN  -DPIC -c -o objs/inflate.o inflate.c
#9 4.065 gcc -O2 -fPIC -fstack-protector-strong -D_FORTIFY_SOURCE=2 -fPIC -D_LARGEFILE64_SOURCE=1 -DHAVE_HIDDEN  -DPIC -c -o objs/inftrees.o inftrees.c
#9 4.113 gcc -O2 -fPIC -fstack-protector-strong -D_FORTIFY_SOURCE=2 -fPIC -D_LARGEFILE64_SOURCE=1 -DHAVE_HIDDEN  -DPIC -c -o objs/trees.o trees.c
#9 4.247 gcc -O2 -fPIC -fstack-protector-strong -D_FORTIFY_SOURCE=2 -fPIC -D_LARGEFILE64_SOURCE=1 -DHAVE_HIDDEN  -DPIC -c -o objs/zutil.o zutil.c
#9 4.267 gcc -O2 -fPIC -fstack-protector-strong -D_FORTIFY_SOURCE=2 -fPIC -D_LARGEFILE64_SOURCE=1 -DHAVE_HIDDEN  -DPIC -c -o objs/compress.o compress.c
#9 4.269 gcc -O2 -fPIC -fstack-protector-strong -D_FORTIFY_SOURCE=2 -fPIC -D_LARGEFILE64_SOURCE=1 -DHAVE_HIDDEN  -DPIC -c -o objs/uncompr.o uncompr.c
#9 4.289 gcc -O2 -fPIC -fstack-protector-strong -D_FORTIFY_SOURCE=2 -fPIC -D_LARGEFILE64_SOURCE=1 -DHAVE_HIDDEN  -DPIC -c -o objs/gzclose.o gzclose.c
#9 4.292 gcc -O2 -fPIC -fstack-protector-strong -D_FORTIFY_SOURCE=2 -fPIC -D_LARGEFILE64_SOURCE=1 -DHAVE_HIDDEN  -DPIC -c -o objs/gzlib.o gzlib.c
#9 4.312 gcc -O2 -fPIC -fstack-protector-strong -D_FORTIFY_SOURCE=2 -fPIC -D_LARGEFILE64_SOURCE=1 -DHAVE_HIDDEN  -DPIC -c -o objs/gzread.o gzread.c
#9 4.354 gcc -O2 -fPIC -fstack-protector-strong -D_FORTIFY_SOURCE=2 -fPIC -D_LARGEFILE64_SOURCE=1 -DHAVE_HIDDEN  -DPIC -c -o objs/gzwrite.o gzwrite.c
#9 4.391 gcc -O2 -fPIC -fstack-protector-strong -D_FORTIFY_SOURCE=2 -D_LARGEFILE64_SOURCE=1 -DHAVE_HIDDEN -I. -D_FILE_OFFSET_BITS=64 -c -o example64.o test/example.c
#9 4.427 gcc -O2 -fPIC -fstack-protector-strong -D_FORTIFY_SOURCE=2 -D_LARGEFILE64_SOURCE=1 -DHAVE_HIDDEN -I. -D_FILE_OFFSET_BITS=64 -c -o minigzip64.o test/minigzip.c
#9 4.451 ar rc libz.a adler32.o crc32.o deflate.o infback.o inffast.o inflate.o inftrees.o trees.o zutil.o compress.o uncompr.o gzclose.o gzlib.o gzread.o gzwrite.o 
#9 4.456 gcc -O2 -fPIC -fstack-protector-strong -D_FORTIFY_SOURCE=2 -D_LARGEFILE64_SOURCE=1 -DHAVE_HIDDEN -Wl,-z,relro,-z,now -o example example.o -L. libz.a
#9 4.467 gcc -O2 -fPIC -fstack-protector-strong -D_FORTIFY_SOURCE=2 -D_LARGEFILE64_SOURCE=1 -DHAVE_HIDDEN -Wl,-z,relro,-z,now -o minigzip minigzip.o -L. libz.a
#9 4.475 gcc -shared -Wl,-soname,libz.so.1,--version-script,zlib.map -O2 -fPIC -fstack-protector-strong -D_FORTIFY_SOURCE=2 -fPIC -D_LARGEFILE64_SOURCE=1 -DHAVE_HIDDEN -o libz.so.1.3.1 adler32.lo crc32.lo deflate.lo infback.lo inffast.lo inflate.lo inftrees.lo trees.lo zutil.lo compress.lo uncompr.lo gzclose.lo gzlib.lo gzread.lo gzwrite.lo  -lc -Wl,-z,relro,-z,now
#9 4.477 gcc -O2 -fPIC -fstack-protector-strong -D_FORTIFY_SOURCE=2 -D_LARGEFILE64_SOURCE=1 -DHAVE_HIDDEN -Wl,-z,relro,-z,now -o example64 example64.o -L. libz.a
#9 4.487 rm -f libz.so libz.so.1
#9 4.488 ln -s libz.so.1.3.1 libz.so
#9 4.488 gcc -O2 -fPIC -fstack-protector-strong -D_FORTIFY_SOURCE=2 -D_LARGEFILE64_SOURCE=1 -DHAVE_HIDDEN -Wl,-z,relro,-z,now -o minigzip64 minigzip64.o -L. libz.a
#9 4.489 ln -s libz.so.1.3.1 libz.so.1
#9 4.490 gcc -O2 -fPIC -fstack-protector-strong -D_FORTIFY_SOURCE=2 -D_LARGEFILE64_SOURCE=1 -DHAVE_HIDDEN -o examplesh example.o -Wl,-z,relro,-z,now -L. libz.so.1.3.1
#9 4.499 gcc -O2 -fPIC -fstack-protector-strong -D_FORTIFY_SOURCE=2 -D_LARGEFILE64_SOURCE=1 -DHAVE_HIDDEN -o minigzipsh minigzip.o -Wl,-z,relro,-z,now -L. libz.so.1.3.1
#9 4.517 hello world
#9 4.518 zlib version 1.3.1 = 0x1310, compile flags = 0xa9
#9 4.518 uncompress(): hello, hello!
#9 4.518 gzread(): hello, hello!
#9 4.518 gzgets() after gzseek:  hello!
#9 4.518 inflate(): hello, hello!
#9 4.518 large_inflate(): OK
#9 4.518 after inflateSync(): hello, hello!
#9 4.518 inflate with dictionary: hello, hello!
#9 4.518 		*** zlib test OK ***
#9 4.522 hello world
#9 4.523 zlib version 1.3.1 = 0x1310, compile flags = 0xa9
#9 4.523 uncompress(): hello, hello!
#9 4.523 gzread(): hello, hello!
#9 4.523 gzgets() after gzseek:  hello!
#9 4.523 inflate(): hello, hello!
#9 4.523 large_inflate(): OK
#9 4.523 after inflateSync(): hello, hello!
#9 4.523 inflate with dictionary: hello, hello!
#9 4.523 		*** zlib shared test OK ***
#9 4.525 hello world
#9 4.526 zlib version 1.3.1 = 0x1310, compile flags = 0xa9
#9 4.526 uncompress(): hello, hello!
#9 4.526 gzread(): hello, hello!
#9 4.526 gzgets() after gzseek:  hello!
#9 4.526 inflate(): hello, hello!
#9 4.526 large_inflate(): OK
#9 4.526 after inflateSync(): hello, hello!
#9 4.526 inflate with dictionary: hello, hello!
#9 4.526 		*** zlib 64-bit test OK ***
#9 4.549 {"ordinary_gzip_roundtrip": true, "terminal_write_error": true, "baseline_reset_observed": false, "passed": true}
#9 4.561 dpkg-deb: building package 'zlib1g' in '/out/zlib1g-lantern.deb'.
#9 DONE 4.6s

#10 [stage-1 2/8] COPY --from=zlib-builder /out/zlib1g-lantern.deb /tmp/zlib1g-lantern.deb
#10 DONE 0.0s

#11 [stage-1 3/8] RUN dpkg -i /tmp/zlib1g-lantern.deb && rm /tmp/zlib1g-lantern.deb
#11 0.227 (Reading database ... 5652 files and directories currently installed.)
#11 0.227 Preparing to unpack /tmp/zlib1g-lantern.deb ...
#11 0.232 Unpacking zlib1g:amd64 (1:1.3.dfsg+really1.3.1-1+b1+lantern1) over (1:1.3.dfsg+really1.3.1-1+b1) ...
#11 0.244 Setting up zlib1g:amd64 (1:1.3.dfsg+really1.3.1-1+b1+lantern1) ...
#11 0.248 Processing triggers for libc-bin (2.41-12+deb13u3) ...
#11 DONE 0.3s

#12 [stage-1 4/8] RUN python3.12 -m venv /opt/gateway
#12 DONE 1.9s

#13 [stage-1 5/8] COPY infra/qa-gateway/build-tools.lock infra/qa-gateway/requirements.lock infra/qa-gateway/upstream.lock infra/qa-gateway/vendor_wheel.py /opt/gateway/
#13 DONE 0.1s

#14 [stage-1 6/8] RUN --mount=type=cache,target=/root/.cache/pip     export PIP_CACHE_DIR=/root/.cache/pip && python3.12 -m pip install --require-hashes --only-binary=:all: -r /opt/gateway/build-tools.lock     && /opt/gateway/bin/pip install --require-hashes --only-binary=:all: -r /opt/gateway/build-tools.lock     && /opt/gateway/bin/pip download --timeout 120 --retries 3 --require-hashes --only-binary=:all: --no-deps       -r /opt/gateway/upstream.lock -d /opt/gateway/upstream     && /opt/gateway/bin/python /opt/gateway/vendor_wheel.py       /opt/gateway/upstream/mitmproxy-12.2.3-py3-none-any.whl       /opt/gateway/vendor/mitmproxy-12.2.3+lantern1-py3-none-any.whl > /opt/gateway/vendor-provenance.json     && /opt/gateway/bin/pip install --timeout 120 --retries 3 --require-hashes --only-binary=:all:       --find-links /opt/gateway/vendor -r /opt/gateway/requirements.lock     && /opt/gateway/bin/pip check     && /opt/gateway/bin/pip uninstall --yes pip     && python3.12 -m pip uninstall --yes pip     && python3.12 -c "import shutil; shutil.rmtree('/usr/local/lib/python3.12/ensurepip')"
#14 6.675 Collecting pip==26.2.1 (from -r /opt/gateway/build-tools.lock (line 2))
#14 6.678   Using cached pip-26.2.1-py3-none-any.whl (1.8 MB)
#14 6.690 Installing collected packages: pip
#14 6.690   Attempting uninstall: pip
#14 6.691     Found existing installation: pip 25.0.1
#14 6.712     Uninstalling pip-25.0.1:
#14 6.820       Successfully uninstalled pip-25.0.1
#14 7.348 Successfully installed pip-26.2.1
#14 7.348 WARNING: Running pip as the 'root' user can result in broken permissions and conflicting behaviour with the system package manager, possibly rendering your system unusable. It is recommended to use a virtual environment instead: https://pip.pypa.io/warnings/venv. Use the --root-user-action option if you know what you are doing and want to suppress this warning.
#14 8.218 Collecting pip==26.2.1 (from -r /opt/gateway/build-tools.lock (line 2))
#14 8.220   Using cached pip-26.2.1-py3-none-any.whl (1.8 MB)
#14 8.233 Installing collected packages: pip
#14 8.233   Attempting uninstall: pip
#14 8.235     Found existing installation: pip 25.0.1
#14 8.252     Uninstalling pip-25.0.1:
#14 8.332       Successfully uninstalled pip-25.0.1
#14 8.857 Successfully installed pip-26.2.1
#14 9.771 Collecting mitmproxy==12.2.3 (from -r /opt/gateway/upstream.lock (line 1))
#14 9.772   Using cached mitmproxy-12.2.3-py3-none-any.whl (1.7 MB)
#14 9.779 Saved ./opt/gateway/upstream/mitmproxy-12.2.3-py3-none-any.whl
#14 9.779 Successfully downloaded mitmproxy
#14 10.03 Looking in links: /opt/gateway/vendor
#14 10.96 Collecting aioquic==1.2.0 (from -r /opt/gateway/requirements.lock (line 2))
#14 10.96   Using cached aioquic-1.2.0-cp38-abi3-manylinux_2_17_x86_64.manylinux2014_x86_64.whl (2.2 MB)
#14 11.13 Collecting argon2-cffi-bindings==26.1.0 (from -r /opt/gateway/requirements.lock (line 3))
#14 11.13   Using cached argon2_cffi_bindings-26.1.0-cp310-abi3-manylinux_2_26_x86_64.manylinux_2_28_x86_64.whl (26 kB)
#14 11.31 Collecting argon2-cffi==25.1.0 (from -r /opt/gateway/requirements.lock (line 4))
#14 11.31   Using cached argon2_cffi-25.1.0-py3-none-any.whl (14 kB)
#14 11.48 Collecting asgiref==3.11.1 (from -r /opt/gateway/requirements.lock (line 5))
#14 11.48   Using cached asgiref-3.11.1-py3-none-any.whl (24 kB)
#14 11.65 Collecting attrs==26.1.0 (from -r /opt/gateway/requirements.lock (line 6))
#14 11.65   Using cached attrs-26.1.0-py3-none-any.whl (67 kB)
#14 11.93 Collecting bcrypt==5.0.0 (from -r /opt/gateway/requirements.lock (line 7))
#14 11.93   Using cached bcrypt-5.0.0-cp39-abi3-manylinux_2_34_x86_64.whl (278 kB)
#14 12.13 Collecting blinker==1.9.0 (from -r /opt/gateway/requirements.lock (line 8))
#14 12.13   Using cached blinker-1.9.0-py3-none-any.whl (8.5 kB)
#14 12.31 Collecting brotli==1.2.0 (from -r /opt/gateway/requirements.lock (line 9))
#14 12.32   Using cached brotli-1.2.0-cp312-cp312-manylinux2014_x86_64.manylinux_2_17_x86_64.whl (1.4 MB)
#14 12.53 Collecting certifi==2026.7.22 (from -r /opt/gateway/requirements.lock (line 10))
#14 12.54   Using cached certifi-2026.7.22-py3-none-any.whl (136 kB)
#14 12.76 Collecting cffi==2.1.1 (from -r /opt/gateway/requirements.lock (line 11))
#14 12.76   Using cached cffi-2.1.1-cp312-cp312-manylinux2014_x86_64.manylinux_2_17_x86_64.whl (221 kB)
#14 12.96 Collecting click==8.5.0 (from -r /opt/gateway/requirements.lock (line 12))
#14 12.96   Using cached click-8.5.0-py3-none-any.whl (125 kB)
#14 13.26 Collecting cryptography==50.0.1 (from -r /opt/gateway/requirements.lock (line 13))
#14 13.26   Using cached cryptography-50.0.1-cp311-abi3-manylinux_2_28_x86_64.whl (4.7 MB)
#14 13.43 Collecting Flask==3.1.3 (from -r /opt/gateway/requirements.lock (line 14))
#14 13.43   Using cached flask-3.1.3-py3-none-any.whl (103 kB)
#14 13.61 Collecting h11==0.16.0 (from -r /opt/gateway/requirements.lock (line 15))
#14 13.61   Using cached h11-0.16.0-py3-none-any.whl (37 kB)
#14 13.77 Collecting h2==4.4.1 (from -r /opt/gateway/requirements.lock (line 16))
#14 13.77   Using cached h2-4.4.1-py3-none-any.whl (62 kB)
#14 13.94 Collecting hpack==4.2.0 (from -r /opt/gateway/requirements.lock (line 17))
#14 13.94   Using cached hpack-4.2.0-py3-none-any.whl (34 kB)
#14 14.10 Collecting hyperframe==6.1.0 (from -r /opt/gateway/requirements.lock (line 18))
#14 14.10   Using cached hyperframe-6.1.0-py3-none-any.whl (13 kB)
#14 14.27 Collecting itsdangerous==2.2.0 (from -r /opt/gateway/requirements.lock (line 19))
#14 14.27   Using cached itsdangerous-2.2.0-py3-none-any.whl (16 kB)
#14 14.44 Collecting Jinja2==3.1.6 (from -r /opt/gateway/requirements.lock (line 20))
#14 14.44   Using cached jinja2-3.1.6-py3-none-any.whl (134 kB)
#14 14.73 Collecting kaitaistruct==0.11 (from -r /opt/gateway/requirements.lock (line 21))
#14 14.73   Using cached kaitaistruct-0.11-py2.py3-none-any.whl (11 kB)
#14 14.90 Collecting ldap3==2.9.1 (from -r /opt/gateway/requirements.lock (line 22))
#14 14.90   Using cached ldap3-2.9.1-py2.py3-none-any.whl (432 kB)
#14 15.09 Collecting MarkupSafe==3.0.3 (from -r /opt/gateway/requirements.lock (line 23))
#14 15.09   Using cached markupsafe-3.0.3-cp312-cp312-manylinux2014_x86_64.manylinux_2_17_x86_64.manylinux_2_28_x86_64.whl (22 kB)
#14 15.10 Processing ./opt/gateway/vendor/mitmproxy-12.2.3+lantern1-py3-none-any.whl (from -r /opt/gateway/requirements.lock (line 24))
#14 15.34 Collecting mitmproxy_linux==0.12.11 (from -r /opt/gateway/requirements.lock (line 25))
#14 15.34   Using cached mitmproxy_linux-0.12.11-py3-none-manylinux_2_17_x86_64.manylinux2014_x86_64.whl (1.6 MB)
#14 15.52 Collecting mitmproxy_rs==0.12.11 (from -r /opt/gateway/requirements.lock (line 26))
#14 15.52   Using cached mitmproxy_rs-0.12.11-cp312-abi3-manylinux_2_17_x86_64.manylinux2014_x86_64.whl (3.3 MB)
#14 15.80 Collecting msgpack==1.2.2 (from -r /opt/gateway/requirements.lock (line 27))
#14 15.80   Using cached msgpack-1.2.2-cp312-cp312-manylinux2014_x86_64.manylinux_2_17_x86_64.manylinux_2_28_x86_64.whl (420 kB)
#14 15.97 Collecting publicsuffix2==2.20191221 (from -r /opt/gateway/requirements.lock (line 28))
#14 15.97   Using cached publicsuffix2-2.20191221-py2.py3-none-any.whl (89 kB)
#14 16.26 Collecting pyasn1==0.6.4 (from -r /opt/gateway/requirements.lock (line 29))
#14 16.26   Using cached pyasn1-0.6.4-py3-none-any.whl (84 kB)
#14 16.44 Collecting pycparser==3.0 (from -r /opt/gateway/requirements.lock (line 30))
#14 16.44   Using cached pycparser-3.0-py3-none-any.whl (48 kB)
#14 16.67 Collecting pylsqpack==0.3.24 (from -r /opt/gateway/requirements.lock (line 31))
#14 16.67   Using cached pylsqpack-0.3.24-cp310-abi3-manylinux2014_x86_64.manylinux_2_17_x86_64.manylinux_2_28_x86_64.whl (250 kB)
#14 16.86 Collecting pyOpenSSL==26.4.0 (from -r /opt/gateway/requirements.lock (line 32))
#14 16.86   Using cached pyopenssl-26.4.0-py3-none-any.whl (56 kB)
#14 17.17 Collecting pyparsing==3.3.2 (from -r /opt/gateway/requirements.lock (line 33))
#14 17.18   Using cached pyparsing-3.3.2-py3-none-any.whl (122 kB)
#14 17.62 Collecting pyperclip==1.11.0 (from -r /opt/gateway/requirements.lock (line 34))
#14 17.63   Using cached pyperclip-1.11.0-py3-none-any.whl (11 kB)
#14 17.83 Collecting ruamel.yaml==0.19.1 (from -r /opt/gateway/requirements.lock (line 35))
#14 17.84   Using cached ruamel_yaml-0.19.1-py3-none-any.whl (118 kB)
#14 18.00 Collecting service-identity==26.1.0 (from -r /opt/gateway/requirements.lock (line 36))
#14 18.00   Using cached service_identity-26.1.0-py3-none-any.whl (11 kB)
#14 18.33 Collecting sortedcontainers==2.4.0 (from -r /opt/gateway/requirements.lock (line 37))
#14 18.33   Using cached sortedcontainers-2.4.0-py2.py3-none-any.whl (29 kB)
#14 18.52 Collecting tornado==6.5.8 (from -r /opt/gateway/requirements.lock (line 38))
#14 18.52   Using cached tornado-6.5.8-cp39-abi3-manylinux1_x86_64.manylinux_2_28_x86_64.manylinux_2_5_x86_64.whl (450 kB)
#14 18.71 Collecting typing_extensions==4.14.0 (from -r /opt/gateway/requirements.lock (line 39))
#14 18.71   Using cached typing_extensions-4.14.0-py3-none-any.whl (43 kB)
#14 18.91 Collecting urwid==3.0.5 (from -r /opt/gateway/requirements.lock (line 40))
#14 18.91   Using cached urwid-3.0.5-py3-none-any.whl (296 kB)
#14 19.11 Collecting wcwidth==0.8.3 (from -r /opt/gateway/requirements.lock (line 41))
#14 19.12   Using cached wcwidth-0.8.3-py3-none-any.whl (331 kB)
#14 19.34 Collecting Werkzeug==3.1.8 (from -r /opt/gateway/requirements.lock (line 42))
#14 19.35   Using cached werkzeug-3.1.8-py3-none-any.whl (226 kB)
#14 19.52 Collecting wsproto==1.3.2 (from -r /opt/gateway/requirements.lock (line 43))
#14 19.53   Using cached wsproto-1.3.2-py3-none-any.whl (24 kB)
#14 20.03 Collecting zstandard==0.25.0 (from -r /opt/gateway/requirements.lock (line 44))
#14 20.03   Using cached zstandard-0.25.0-cp312-cp312-manylinux2014_x86_64.manylinux_2_17_x86_64.whl (5.5 MB)
#14 20.12 Installing collected packages: sortedcontainers, pyperclip, publicsuffix2, brotli, zstandard, wcwidth, typing_extensions, tornado, ruamel.yaml, pyparsing, pylsqpack, pycparser, pyasn1, msgpack, mitmproxy_linux, MarkupSafe, kaitaistruct, itsdangerous, hyperframe, hpack, h11, click, certifi, blinker, bcrypt, attrs, asgiref, wsproto, Werkzeug, urwid, mitmproxy_rs, ldap3, Jinja2, h2, cffi, Flask, cryptography, argon2-cffi-bindings, service-identity, pyOpenSSL, argon2-cffi, aioquic, mitmproxy
#14 22.02 
#14 22.02 Successfully installed Flask-3.1.3 Jinja2-3.1.6 MarkupSafe-3.0.3 Werkzeug-3.1.8 aioquic-1.2.0 argon2-cffi-25.1.0 argon2-cffi-bindings-26.1.0 asgiref-3.11.1 attrs-26.1.0 bcrypt-5.0.0 blinker-1.9.0 brotli-1.2.0 certifi-2026.7.22 cffi-2.1.1 click-8.5.0 cryptography-50.0.1 h11-0.16.0 h2-4.4.1 hpack-4.2.0 hyperframe-6.1.0 itsdangerous-2.2.0 kaitaistruct-0.11 ldap3-2.9.1 mitmproxy-12.2.3+lantern1 mitmproxy_linux-0.12.11 mitmproxy_rs-0.12.11 msgpack-1.2.2 publicsuffix2-2.20191221 pyOpenSSL-26.4.0 pyasn1-0.6.4 pycparser-3.0 pylsqpack-0.3.24 pyparsing-3.3.2 pyperclip-1.11.0 ruamel.yaml-0.19.1 service-identity-26.1.0 sortedcontainers-2.4.0 tornado-6.5.8 typing_extensions-4.14.0 urwid-3.0.5 wcwidth-0.8.3 wsproto-1.3.2 zstandard-0.25.0
#14 22.21 No broken requirements found.
#14 22.37 Found existing installation: pip 26.2.1
#14 22.39 Uninstalling pip-26.2.1:
#14 22.40   Successfully uninstalled pip-26.2.1
#14 22.59 Found existing installation: pip 26.2.1
#14 22.60 Uninstalling pip-26.2.1:
#14 22.61   Successfully uninstalled pip-26.2.1
#14 22.61 WARNING: Running pip as the 'root' user can result in broken permissions and conflicting behaviour with the system package manager, possibly rendering your system unusable. It is recommended to use a virtual environment instead: https://pip.pypa.io/warnings/venv. Use the --root-user-action option if you know what you are doing and want to suppress this warning.
#14 DONE 22.7s

#15 [stage-1 7/8] COPY infra/qa-gateway/policy.py infra/qa-gateway/entrypoint.py /opt/gateway/
#15 DONE 0.0s

#16 [stage-1 8/8] COPY tools/azure-runner/qa_transport.py /opt/gateway/qa_transport.py
#16 DONE 0.0s

#17 exporting to image
#17 exporting layers
#17 exporting layers 2.2s done
#17 exporting manifest sha256:3e6d8bb8634b6ae9de5e66931db3d96efc589393e79c2dbc343bafb9985196fc done
#17 exporting config sha256:cf81686a40dcfe37a6c93f300613e99d518e14aac657baf33aa6e2883298b47b done
#17 exporting attestation manifest sha256:5f9ef6f49d689270914fa680f8677945d536d43af8c2cafe40cb9536cd8ddabb done
#17 exporting manifest list sha256:420eba6337f5c86fe99eebfee9c228a542972025c5fa05a37d7b16db51288a74 done
#17 naming to docker.io/library/lantern-qa-gateway:external-qa-acceptance done
#17 unpacking to docker.io/library/lantern-qa-gateway:external-qa-acceptance
#17 unpacking to docker.io/library/lantern-qa-gateway:external-qa-acceptance 0.5s done
#17 DONE 2.8s
