test_dirty_pretest_capture_prevents_command_execution (test_trusted_evidence.FactoryGateHooks.test_dirty_pretest_capture_prevents_command_execution) ... ok
test_factory_runs_actual_command_then_ignores_tampered_mirror (test_trusted_evidence.FactoryGateHooks.test_factory_runs_actual_command_then_ignores_tampered_mirror) ... ok
test_missing_plan_links_hold_a_green_command (test_trusted_evidence.FactoryGateHooks.test_missing_plan_links_hold_a_green_command) ... ok
test_optional_plan_links_have_a_typed_contract (test_trusted_evidence.FactoryGateHooks.test_optional_plan_links_have_a_typed_contract) ... ok
test_real_isolated_worker_quality_gate_and_tamper_controls (test_trusted_evidence.FactoryGateHooks.test_real_isolated_worker_quality_gate_and_tamper_controls) ... ok
test_attempt_and_lease_identity_are_separate_from_quality_round (test_trusted_evidence.TrustedEvidence.test_attempt_and_lease_identity_are_separate_from_quality_round) ... ok
test_capture_requires_matching_bound_isolated_worker (test_trusted_evidence.TrustedEvidence.test_capture_requires_matching_bound_isolated_worker) ... ok
test_changed_policy_and_command_outcomes_fail (test_trusted_evidence.TrustedEvidence.test_changed_policy_and_command_outcomes_fail) ... ok
test_controller_logs_cannot_be_worker_writable (test_trusted_evidence.TrustedEvidence.test_controller_logs_cannot_be_worker_writable) ... ok
test_cross_execution_gate_or_worker_is_rejected (test_trusted_evidence.TrustedEvidence.test_cross_execution_gate_or_worker_is_rejected) ... ok
test_display_mirror_cannot_supply_authority (test_trusted_evidence.TrustedEvidence.test_display_mirror_cannot_supply_authority) ... ok
test_fix_rounds_preserve_distinct_manifests_and_latest_gate (test_trusted_evidence.TrustedEvidence.test_fix_rounds_preserve_distinct_manifests_and_latest_gate) ... ok
test_flag_off_preserves_existing_behavior_without_authority (test_trusted_evidence.TrustedEvidence.test_flag_off_preserves_existing_behavior_without_authority) ... ok
test_lease_mode_cannot_seal_without_owned_stage (test_trusted_evidence.TrustedEvidence.test_lease_mode_cannot_seal_without_owned_stage) ... ok
test_logs_and_manifest_are_revalidated_from_protected_receipt (test_trusted_evidence.TrustedEvidence.test_logs_and_manifest_are_revalidated_from_protected_receipt) ... ok
test_missing_links_fail_and_replace_previous_green_authority (test_trusted_evidence.TrustedEvidence.test_missing_links_fail_and_replace_previous_green_authority) ... ok
test_missing_or_changed_expected_requirements_fail (test_trusted_evidence.TrustedEvidence.test_missing_or_changed_expected_requirements_fail) ... ok
test_observed_failure_retains_manifest_without_claiming_coverage (test_trusted_evidence.TrustedEvidence.test_observed_failure_retains_manifest_without_claiming_coverage) ... ok
test_snapshot_hash_checks_refuse_changed_blob_during_copy (test_trusted_evidence.TrustedEvidence.test_snapshot_hash_checks_refuse_changed_blob_during_copy) ... ok
test_snapshot_omits_ignored_dependencies_and_copies_no_git_hooks (test_trusted_evidence.TrustedEvidence.test_snapshot_omits_ignored_dependencies_and_copies_no_git_hooks) ... ok
test_source_mutation_after_test_fails_and_records_red_authority (test_trusted_evidence.TrustedEvidence.test_source_mutation_after_test_fails_and_records_red_authority) ... ok
test_summary_cannot_hide_nonquality_failure (test_trusted_evidence.TrustedEvidence.test_summary_cannot_hide_nonquality_failure) ... ok
test_valid_gate_is_sealed_and_loaded_only_from_authority (test_trusted_evidence.TrustedEvidence.test_valid_gate_is_sealed_and_loaded_only_from_authority) ... ok
test_worker_mount_or_harness_cannot_hold_authority (test_trusted_evidence.TrustedEvidence.test_worker_mount_or_harness_cannot_hold_authority) ... ok
test_writable_product_cannot_seal_quality_evidence (test_trusted_evidence.TrustedEvidence.test_writable_product_cannot_seal_quality_evidence) ... ok

----------------------------------------------------------------------
Ran 25 tests in 123.989s

OK
{"kind": "real-isolated-quality-evidence", "image_digest": "sha256:933a9c0899dae9c9d7f73d5bcf76a5298e7eaccea83b17233d4d8d56e3682756", "tested_product": {"head_sha": "c8177cd6894d37e58e2c5cab3447b711d045f36f", "tree_sha": "331abb9014a861416a20f39b17458bff77879fe3", "worktree_sha256": "6ea129319f1d048bf7715354827301c517efd67a24679f4ce4ac17903e683be7"}, "harness_state": {"revision": "7f01faad1c9cfbef886026906f9a3e8631632a74", "dirty": true, "source_sha256": "461e493e56ca03ff5b77af45bdbba43fdc766151b9a960679b1b13287058d1f5", "source_scope": ["tools/azure-runner source", "infra/sandbox source", "agents", "workflow/templates"]}, "execution_key": "feat-test:03-coding:1", "manifest_sha256": "1226ed7174a742ca081c572f49c9e879502583799152295808275db750d8236f", "command": {"command": "python source.py", "exit_code": 0, "id": "quality:test", "observed_at": "2026-09-10T09:08:54+00:00", "outcome": "pass", "seconds": 0.7}, "valid_gate": true, "changed_manifest_rejected": true, "changed_source_rejected": true, "ignored_dependencies_excluded": true, "mutable_modify_restore_passed": true, "readonly_modify_restore_rejected": true, "readonly_command_result": {"name": "test", "command": "python mutate_restore.py", "exit": 1, "passed": false, "seconds": 0.7, "output_tail": "\n[stderr]\nTraceback (most recent call last):\n  File \"/work/product/mutate_restore.py\", line 5, in <module>\n    p.write_text(\"print('forged pass')\\n\")\n  File \"/usr/lib/python3.12/pathlib.py\", line 1049, in write_text\n    with self.open(mode='w', encoding=encoding, errors=errors, newline=newline) as f:\n         ^^^^^^^^^^^^^^^^^^^^^^^^^^^^^^^^^^^^^^^^^^^^^^^^^^^^^^^^^^^^^^^^^^^^^^\n  File \"/usr/lib/python3.12/pathlib.py\", line 1015, in open\n    return io.open(self, mode, buffering, encoding, errors, newline)\n           ^^^^^^^^^^^^^^^^^^^^^^^^^^^^^^^^^^^^^^^^^^^^^^^^^^^^^^^^^\nOSError: [Errno 30] Read-only file system: 'source.py'\n\nDuring handling of the above exception, another exception occurred:\n\nTraceback (most recent call last):\n  File \"/work/product/mutate_restore.py\", line 8, in <module>\n    p.write_bytes(original)\n  File \"/usr/lib/python3.12/pathlib.py\", line 1038, in write_bytes\n    with self.open(mode='wb') as f:\n         ^^^^^^^^^^^^^^^^^^^^\n  File \"/usr/lib/python3.12/pathlib.py\", line 1015, in open\n    return io.open(self, mode, buffering, encoding, errors, newline)\n           ^^^^^^^^^^^^^^^^^^^^^^^^^^^^^^^^^^^^^^^^^^^^^^^^^^^^^^^^^\nOSError: [Errno 30] Read-only file system: 'source.py'\n"}, "source_preserved_for_fix_loop": true, "azure_used": false, "database_used": false}
